desktop 1/22 /auth/required status=200 errors=0 overflow=0
desktop 2/22 /auth/reset-password status=200 errors=0 overflow=0
desktop 3/22 /data-deletion status=200 errors=0 overflow=0
desktop 4/22 /feed status=200 errors=0 overflow=0
desktop 5/22 /global-map status=200 errors=1 overflow=0
desktop 6/22 /home-frame status=200 errors=0 overflow=0
desktop 7/22 /insights status=200 errors=0 overflow=0
desktop 8/22 /leaderboard status=200 errors=0 overflow=0
desktop 9/22 /mypage/bookmarks status=200 errors=0 overflow=0
desktop 10/22 /mypage status=200 errors=0 overflow=0
desktop 11/22 /mypage/profile status=200 errors=0 overflow=0
desktop 12/22 /mypage/reviews status=200 errors=0 overflow=0
desktop 13/22 /mypage/submissions/edit status=200 errors=0 overflow=0
desktop 14/22 /mypage/submissions/new status=200 errors=0 overflow=0
desktop 15/22 /mypage/submissions/recommend status=200 errors=0 overflow=0
desktop 16/22 / status=200 errors=0 overflow=0
desktop 17/22 /privacy/onboarding status=200 errors=1 overflow=0
desktop 18/22 /privacy status=200 errors=0 overflow=0
desktop 19/22 /s/[code] status=200 errors=1 overflow=0
desktop 20/22 /stamp status=200 errors=0 overflow=0
desktop 21/22 /submissions status=200 errors=0 overflow=0
desktop 22/22 /user/[userId] status=200 errors=0 overflow=0
tablet 1/22 /auth/required status=200 errors=0 overflow=0
tablet 2/22 /auth/reset-password status=200 errors=0 overflow=0
tablet 3/22 /data-deletion status=200 errors=0 overflow=0
tablet 4/22 /feed status=200 errors=0 overflow=0
tablet 5/22 /global-map status=200 errors=0 overflow=0
tablet 6/22 /home-frame status=200 errors=0 overflow=0
tablet 7/22 /insights status=200 errors=0 overflow=0
tablet 8/22 /leaderboard status=200 errors=0 overflow=0
tablet 9/22 /mypage/bookmarks status=200 errors=0 overflow=0
tablet 10/22 /mypage status=200 errors=0 overflow=0
tablet 11/22 /mypage/profile status=200 errors=0 overflow=0
tablet 12/22 /mypage/reviews status=200 errors=0 overflow=0
tablet 13/22 /mypage/submissions/edit status=200 errors=0 overflow=0
tablet 14/22 /mypage/submissions/new status=200 errors=0 overflow=0
tablet 15/22 /mypage/submissions/recommend status=200 errors=0 overflow=0
tablet 16/22 / status=200 errors=0 overflow=0
tablet 17/22 /privacy/onboarding status=200 errors=0 overflow=0
tablet 18/22 /privacy status=200 errors=0 overflow=0
tablet 19/22 /s/[code] status=200 errors=1 overflow=0
tablet 20/22 /stamp status=200 errors=0 overflow=0
tablet 21/22 /submissions status=200 errors=0 overflow=0
tablet 22/22 /user/[userId] status=200 errors=0 overflow=0
mobile 1/22 /auth/required status=200 errors=0 overflow=0
mobile 2/22 /auth/reset-password status=200 errors=0 overflow=0
mobile 3/22 /data-deletion status=200 errors=0 overflow=0
mobile 4/22 /feed status=200 errors=0 overflow=0
mobile 5/22 /global-map status=200 errors=0 overflow=0
mobile 6/22 /home-frame status=200 errors=0 overflow=0
mobile 7/22 /insights status=200 errors=0 overflow=0
mobile 8/22 /leaderboard status=200 errors=0 overflow=0
mobile 9/22 /mypage/bookmarks status=200 errors=0 overflow=0
mobile 10/22 /mypage status=200 errors=0 overflow=0
mobile 11/22 /mypage/profile status=200 errors=0 overflow=0
mobile 12/22 /mypage/reviews status=200 errors=0 overflow=0
mobile 13/22 /mypage/submissions/edit status=200 errors=0 overflow=0
mobile 14/22 /mypage/submissions/new status=200 errors=0 overflow=0
mobile 15/22 /mypage/submissions/recommend status=200 errors=0 overflow=0
mobile 16/22 / status=200 errors=0 overflow=0
mobile 17/22 /privacy/onboarding status=200 errors=0 overflow=0
mobile 18/22 /privacy status=200 errors=0 overflow=0
mobile 19/22 /s/[code] status=200 errors=1 overflow=0
mobile 20/22 /stamp status=200 errors=0 overflow=0
mobile 21/22 /submissions status=200 errors=0 overflow=0
mobile 22/22 /user/[userId] status=200 errors=0 overflow=0
