bun test v1.4.0 (34cbb9a40)

tests-unit/public-profile-read.test.ts:
(pass) public profile summary RPC boundary > uses the exact RPC contract and preserves requested ordinal order [1.31ms]
(pass) public profile summary RPC boundary > allows omitted rows but rejects duplicates, reordered rows, and extra fields [0.60ms]
(pass) public profile summary RPC boundary > drops only the deleted-account row instead of blanking the whole batch [0.10ms]
(pass) public profile summary RPC boundary > still rejects an empty nickname and a reordered deleted-account row [0.19ms]
(pass) public profile summary RPC boundary > preserves every bounded raw avatar reference needed for legacy repair [0.34ms]
(pass) public profile summary RPC boundary > bounds inputs before transport and returns no raw provider diagnostic [0.32ms]
(pass) public profile summary RPC boundary > classifies an invalid session without preserving the provider error [0.10ms]
(pass) public profile leaderboard RPC boundary > maps the exact ranked response and validates deterministic order [0.31ms]
(pass) public profile leaderboard RPC boundary > rejects invalid parameters and malformed or unsorted results [0.15ms]
(pass) public profile leaderboard page RPC boundary > uses the exact null-or-paired cursor contract and proves after-cursor order [0.14ms]
(pass) public profile leaderboard page RPC boundary > fetches 101+ equal-score rows sequentially across the UUID boundary [1.43ms]
(pass) public profile leaderboard page RPC boundary > rejects malformed, duplicate, and no-progress second pages without publishing a prefix [0.78ms]
(pass) public profile leaderboard page RPC boundary > rejects malformed cursor pairs before transport [0.22ms]
(pass) public reviewer display labels > labels lookup failure separately from a missing deleted-account row [0.16ms]
(pass) public reviewer display labels > lookup wrapper swallows RPC failures without inventing deleted-account labels [0.17ms]
(pass) public reviewer display labels > reads array summaries even when Array.prototype.get exists [0.04ms]
(pass) public reviewer display labels > reads map summaries by lowercase user id [0.01ms]
(pass) public reviewer display labels > lookup wrapper batches more than 100 ids instead of failing the whole page [0.50ms]
(pass) public profile caller convergence > routes public and self reads through the bounded RPC helper [2.25ms]

tests-unit/privacy-onboarding.test.ts:
(pass) privacy onboarding challenge > fresh password and OAuth cookies roundtrip with the issuer signing context [1.16ms]
(pass) privacy onboarding challenge > random token digest follows the immutable SQL SHA-256 contract rather than cookie HMAC [0.96ms]
(pass) privacy onboarding challenge > 만료·변조·비정규 정책 해시 또는 nonce challenge를 거부한다 [0.28ms]
(pass) privacy onboarding challenge > OAuth nonce is the one-time confirmation token and the signed origin is mandatory [0.39ms]
(pass) privacy onboarding challenge > rejected onboarding responses expire all bounded Supabase auth chunks [1.09ms]
(pass) privacy onboarding challenge > 재사용과 정책 불일치는 서버의 원자적 확정 경로로 넘긴다 [0.15ms]
(pass) privacy onboarding challenge > OAuth callback uses only the signed HttpOnly challenge as the onboarding discriminator [0.08ms]
(pass) privacy onboarding challenge > no-challenge OAuth sessions without a live receipt enter only exact onboarding without revocation [0.63ms]
(pass) privacy onboarding challenge > browser auth contexts cannot bypass the privacy onboarding challenge [0.47ms]
(pass) privacy onboarding challenge > live eligibility receipt gates browser sessions without process-global policy state [0.20ms]
(pass) live privacy eligibility receipt > eligible current receipt is accepted only with the exact bounded schema [0.40ms]
(pass) live privacy eligibility receipt > missing profile, policy drift, adult block, and guardian expiry or withdrawal remain fail-closed [0.10ms]
(pass) live privacy eligibility receipt > malformed, contradictory, and error receipts cannot open a session [0.12ms]
(pass) minimum-data age and consent choices > 만 14세 미만 가입은 보호자 확인 경로가 배포·읽기검증될 때까지 차단한다 [0.56ms]
(pass) minimum-data age and consent choices > 선택 마케팅과 야간 채널 동의는 기본 거부이며 필수 정책 동의와 분리된다 [0.05ms]
(pass) minimum-data age and consent choices > 야간 마케팅은 같은 채널의 명시적 일반 마케팅 동의 없이는 만들지 않는다 [0.06ms]
(pass) minimum-data age and consent choices > 정책 내용 해시는 정확한 렌더링 입력을 고정한다 [0.12ms]
(pass) fresh onboarding confirmation receipt > requires an exact verified schema-v1 receipt and accepts a verified replay [0.36ms]
(pass) fresh onboarding confirmation receipt > G016 serializes same-user replay and exposes one canonical nonce-aware signature [0.17ms]
(pass) privacy-safe error handling > password, token, email, provider error object를 로그나 응답에 싣지 않는다 [0.27ms]
(pass) G014 server session release boundaries > self and service-target eligibility reads are exact RPC-only fail-closed boundaries [0.21ms]
(pass) G014 server session release boundaries > callback finalizes the nonce-bound challenge before live eligibility and rejects ambiguous OAuth without identity mutation [0.54ms]
(pass) G014 server session release boundaries > rejected OAuth callbacks redirect no-store after attempting both sign-outs even when they fail [1.79ms]
(pass) G014 server session release boundaries > rejected OAuth callbacks redirect no-store after both sign-outs resolve [0.21ms]
(pass) G014 server session release boundaries > password onboarding keeps explicit Auth absence checks for identity cleanup [0.19ms]
(pass) G014 server session release boundaries > protected middleware releases no stale session and public auth/privacy paths remain loop-safe [0.22ms]
(pass) G014 server session release boundaries > password finalization and replay recovery are same-origin, provenance-bound, held on ambiguity, and non-enumerating [0.24ms]
(pass) G014 server session release boundaries > existing-account recovery accepts only an authenticated server-derived password-proof subject [0.23ms]

 47 pass
 0 fail
 398 expect() calls
Ran 47 tests across 2 files. [179.00ms]
