bun test v1.4.0 (34cbb9a40)

tests-unit/verify-pin-contract-source.test.ts:
(pass) Pin_Contract verifier source contract (design C2 / requirement 5) > owns the two bounded fixed codes and never mutates release-authority files [0.03ms]
(pass) Pin_Contract verifier source contract (design C2 / requirement 5) > verifies all six Pin_Contract items with declared vs resolved [0.12ms]
(pass) Pin_Contract verifier source contract (design C2 / requirement 5) > routes type checking through npm run typecheck:parity and guards the compiler root [0.02ms]
(pass) Pin_Contract verifier source contract (design C2 / requirement 5) > detects bun.lock vs package-lock.json conflicts and records list + count
(pass) Pin_Contract verifier source contract (design C2 / requirement 5) > fails closed on drift while still recording the per-item receipt [0.04ms]
(pass) Pin_Contract declared values in the tree > package.json and both locks pin the exact contract versions [0.05ms]
(pass) Pin_Contract verifier runtime behavior > rejects an absent repository compiler or emits a per-item installed-compiler receipt [191.36ms]
(pass) Bun reconciliation is a failing pin gate > missing or differently resolved direct dependencies fail with otherwise matching pins [2.46ms]

tests-unit/local-supabase-runtime.test.ts:
(pass) local Supabase runtime source contract > rejects a development port absent from the admitted local browser origins [0.16ms]
(pass) local Supabase runtime source contract > delegates replay ledger admission to Python over stdin and fails closed [0.51ms]
(pass) local Supabase runtime source contract > runs the offline Python bridge and propagates authority rejection without diagnostics [103.18ms]
(pass) local Supabase runtime source contract > validates current migration fixture snapshots through the real offline authority [6406.08ms]
(pass) local Supabase runtime source contract > derives a path-bound Compose project name [0.18ms]
(pass) local Supabase runtime source contract > parses exact generated env lines and rejects duplicates or malformed keys [0.25ms]
(pass) local Supabase runtime source contract > reconstructs STORAGE_SERVICE_KEY from JWT_SECRET when the generated env omitted it [0.11ms]
(pass) local Supabase runtime source contract > passes only the bounded GitHub socket admission context to local stack status [0.05ms]
(pass) local Supabase runtime source contract > passes an exact local-only environment to the type generation child [0.07ms]
(pass) local Supabase runtime source contract > keeps local development isolated from ambient hosted credentials [1.29ms]
(pass) local Supabase runtime source contract > fails closed on unadmitted next-dev spawners and pins the hosted argv marker [7.12ms]
(pass) local Supabase runtime source contract > rejects malformed GitHub repository inputs while keeping status fail closed [0.07ms]
(pass) local Supabase runtime source contract > loads non-database operator inputs into an isolated map before scrubbing [1.82ms]
(pass) local Supabase runtime source contract > accepts only an explicit owner-only absolute operator env path [0.81ms]
(pass) local Supabase runtime source contract > rejects group- or world-readable optional local env files [0.64ms]
(pass) local Supabase runtime source contract > strict local clean wrapper skips repository dotenv and blocks Next dotenv reprocessing [258.36ms]
(pass) local Supabase runtime source contract > clean wrapper forwards termination and exits with the signal status [35.18ms]

 25 pass
 0 fail
 185 expect() calls
Ran 25 tests across 2 files. [7.08s]
