bun test v1.4.0 (34cbb9a40)

tests-unit/tzuyang-review-display.test.ts:
(pass) public Tzuyang review display > removes single and grouped source references without erasing sentences [0.14ms]
(pass) public Tzuyang review display > handles case, whitespace, fractional seconds and compact lists
(pass) public Tzuyang review display > preserves meaningful dates, times, brackets and paragraph structure [0.01ms]
(pass) public Tzuyang review display > leaves source review identity, visit count inputs and video metadata intact [0.80ms]

tests-unit/restaurant-merged-media.test.ts:
(pass) restaurant merged media helpers > collects every youtube video and tzuyang review from merged restaurant records [0.40ms]
(pass) restaurant merged media helpers > feeds merged media counts into natural detail copy [0.17ms]
(pass) restaurant merged media helpers > keeps distinct youtube metadata when different videos share the same title [0.04ms]
(pass) restaurant merged media helpers > hydrates a fetched single detail row with the selected merge context [0.20ms]
(pass) restaurant merged media helpers > keeps a known tzuyang review when the fetched row has an empty review [0.03ms]
(pass) restaurant merged media helpers > collects tzuyang reviews stored as arrays or review objects [0.04ms]
(pass) restaurant merged media helpers > pairs each tzuyang review with its video title and publish date [0.05ms]

tests-unit/local-supabase-runtime.test.ts:
(pass) local Supabase runtime source contract > rejects a development port absent from the admitted local browser origins [0.18ms]
(pass) local Supabase runtime source contract > delegates replay ledger admission to Python over stdin and fails closed [0.72ms]
(pass) local Supabase runtime source contract > runs the offline Python bridge and propagates authority rejection without diagnostics [133.19ms]
(pass) local Supabase runtime source contract > validates current migration fixture snapshots through the real offline authority [6187.72ms]
(pass) local Supabase runtime source contract > derives a path-bound Compose project name [0.58ms]
(pass) local Supabase runtime source contract > parses exact generated env lines and rejects duplicates or malformed keys [0.31ms]
(pass) local Supabase runtime source contract > reconstructs STORAGE_SERVICE_KEY from JWT_SECRET when the generated env omitted it [0.16ms]
(pass) local Supabase runtime source contract > passes only the bounded GitHub socket admission context to local stack status [0.05ms]
(pass) local Supabase runtime source contract > passes an exact local-only environment to the type generation child [0.10ms]
(pass) local Supabase runtime source contract > keeps local development isolated from ambient hosted credentials [2.36ms]
(pass) local Supabase runtime source contract > fails closed on unadmitted next-dev spawners and pins the hosted argv marker [10.78ms]
(pass) local Supabase runtime source contract > rejects malformed GitHub repository inputs while keeping status fail closed [0.11ms]
(pass) local Supabase runtime source contract > loads non-database operator inputs into an isolated map before scrubbing [2.51ms]
(pass) local Supabase runtime source contract > accepts only an explicit owner-only absolute operator env path [1.37ms]
(pass) local Supabase runtime source contract > rejects group- or world-readable optional local env files [1.34ms]
(pass) local Supabase runtime source contract > strict local clean wrapper skips repository dotenv and blocks Next dotenv reprocessing [324.84ms]
(pass) local Supabase runtime source contract > clean wrapper forwards termination and exits with the signal status [54.77ms]

tests-unit/nightly-regression-workflow.test.ts:
(pass) nightly regression package and source contracts > publishes one package entry point for the explicit nightly runner [0.05ms]
(pass) nightly regression package and source contracts > passes the verified Node 24 supervisor into the unit lane [0.01ms]
(pass) nightly regression package and source contracts > passes only validated GitHub socket admission context to local stack children [0.39ms]
(pass) nightly regression package and source contracts > keeps hosted regression as an explicit manual fallback [0.23ms]
(pass) nightly regression package and source contracts > routes publication script changes through web admin pull and push CI [0.03ms]
(pass) nightly regression package and source contracts > parses local and hosted mode only from explicit command arguments [0.06ms]
(pass) nightly regression package and source contracts > requires dedicated nightly inputs instead of silently falling back to ambient env files [0.04ms]
(pass) nightly regression package and source contracts > keeps the browser lane pinned to curated public and real-local admin specs [0.07ms]
(pass) nightly regression package and source contracts > keeps mobile emulation inside the selected Chromium project [0.11ms]
(pass) nightly regression package and source contracts > requires loopback local endpoints and blocks third-party browser destinations [1.26ms]
(pass) nightly regression package and source contracts > keeps the real local admin browser mutation exception exact and browser-originated [3.31ms]
(pass) nightly regression package and source contracts > proves local browser function, owned Storage cleanup, and Realtime without raw evidence [1.13ms]
(pass) nightly regression package and source contracts > proves the real local current-profile mutation lifecycle without raw evidence [0.15ms]
(pass) nightly regression package and source contracts > requires an explicit non-conflicting local browser port [0.09ms]
(pass) nightly regression package and source contracts > requires current owner-only local stack and migration receipts before browser admission [0.48ms]
(pass) nightly regression package and source contracts > keeps nightly web log custody owner-only and symlink-safe [0.16ms]
(pass) nightly regression package and source contracts > keeps local Supabase fixture routing fail-closed [1.01ms]
(pass) nightly regression package and source contracts > keeps local health responses redacted to the stable three-field contract [0.06ms]
(pass) nightly regression package and source contracts > accepts the runner base URL and forwards only the local admin credentials needed by the real DB lane [0.14ms]
(pass) nightly regression package and source contracts > leaves the existing Playwright projects and server controls intact [0.92ms]
(pass) nightly regression package and source contracts > reduces the private Playwright JSON report before diagnostics persistence [2.79ms]
(pass) nightly regression package and source contracts > reconstructs local Docker nightly and uploads only sanitized artifacts [12.48ms]
(pass) nightly regression package and source contracts > uses one exact publication allowlist from capture through release [0.31ms]
(pass) nightly regression package and source contracts > attempts both requested local lanes before aggregating their raw outcomes [0.18ms]
(pass) nightly regression package and source contracts > captures a failing lane exit code even when the workflow shell inherits errexit [139.94ms]
(pass) nightly regression package and source contracts > emits only fixed-schema lane summaries and rejects inconsistent outcomes [152.94ms]
(pass) nightly regression package and source contracts > verifies and copies only bounded E2E failure evidence into diagnostics [239.75ms]
(pass) nightly regression package and source contracts > routes public web and local Supabase changes into Web Admin CI [0.18ms]
(pass) local migration v2 receipt envelope > admits v2 envelope for subsequent full authority validation, retaining v1 filename [0.17ms]
(pass) local migration v2 receipt envelope > rejects stale counts/schema, absent proofs, extra fields and provenance drift [0.32ms]

 58 pass
 0 fail
 1074 expect() calls
Ran 58 tests across 4 files. [7.39s]
