verified 10 unauthorized ordered reconstruction source entries
G026 source-only empty-replay bundle verified
 Network g014catalog126831303_isolated Creating 
 Network g014catalog126831303_isolated Creating 
 Volume g014catalog126831303_db-data Creating 
 Volume g014catalog126831303_db-data Creating 
 Volume g014catalog126831303_db-data Created 
 Volume g014catalog126831303_db-data Created 
 Network g014catalog126831303_isolated Created 
 Network g014catalog126831303_isolated Created 
 Container g014catalog126831303-db Creating 
 Container g014catalog126831303-db Created 
 Container g014catalog126831303-db Starting 
 Container g014catalog126831303-db Started 
service "db" is not running
service "db" is not running
service "db" is not running
service "db" is not running
service "db" is not running
service "db" is not running
service "db" is not running
service "db" is not running
service "db" is not running
service "db" is not running
service "db" is not running
service "db" is not running
service "db" is not running
service "db" is not running
service "db" is not running
service "db" is not running
service "db" is not running
service "db" is not running
service "db" is not running
service "db" is not running
service "db" is not running
service "db" is not running
service "db" is not running
service "db" is not running
service "db" is not running
service "db" is not running
service "db" is not running
service "db" is not running
service "db" is not running
service "db" is not running
service "db" is not running
service "db" is not running
service "db" is not running
service "db" is not running
service "db" is not running
service "db" is not running
service "db" is not running
service "db" is not running
service "db" is not running
service "db" is not running
service "db" is not running
service "db" is not running
service "db" is not running
service "db" is not running
service "db" is not running
service "db" is not running
service "db" is not running
service "db" is not running
service "db" is not running
service "db" is not running
service "db" is not running
service "db" is not running
service "db" is not running
service "db" is not running
service "db" is not running
