bun test v1.4.0 (34cbb9a40)

tests-unit/ocr-route-helpers.test.ts:
(pass) OCR route helper contracts > automatic mode tries all provider credentials while manual mode keeps no-fallback semantics [0.20ms]
(pass) OCR route helper contracts > parses selected restaurant context without trusting raw client text as verified data [0.52ms]
(pass) selected restaurant OCR context parsing > keeps optional address and category context when review form provides it [0.02ms]

tests-unit/tzuyang-review-display.test.ts:
(pass) public Tzuyang review display > removes single and grouped source references without erasing sentences [0.20ms]
(pass) public Tzuyang review display > handles case, whitespace, fractional seconds and compact lists [0.02ms]
(pass) public Tzuyang review display > preserves meaningful dates, times, brackets and paragraph structure [0.02ms]
(pass) public Tzuyang review display > cleans legacy wrappers and emphasis without erasing criticism or quantities [0.09ms]
(pass) public Tzuyang review display > leaves source review identity, visit count inputs and video metadata intact [1.03ms]

tests-unit/receipt-replacement-reconciliation.test.ts:
(pass) OCR replacement after concurrent writes > discards a losing replacement when a competing request has won or the row was deleted [0.04ms]
(pass) OCR replacement after concurrent writes > retains the replacement on committed readback, missing CAS acknowledgement, or failed read [0.01ms]
(pass) OCR replacement after concurrent writes > refuses unrelated or malformed readback instead of treating it as absence [0.03ms]

tests-unit/nightly-regression-workflow.test.ts:
(pass) nightly regression package and source contracts > publishes one package entry point for the explicit nightly runner [0.05ms]
(pass) nightly regression package and source contracts > passes the verified Node 24 supervisor into the unit lane [0.01ms]
(pass) nightly regression package and source contracts > passes only validated GitHub socket admission context to local stack children [0.40ms]
(pass) nightly regression package and source contracts > keeps hosted regression as an explicit manual fallback [0.18ms]
(pass) nightly regression package and source contracts > routes publication script changes through web admin pull and push CI [0.02ms]
(pass) nightly regression package and source contracts > parses local and hosted mode only from explicit command arguments [0.05ms]
(pass) nightly regression package and source contracts > requires dedicated nightly inputs instead of silently falling back to ambient env files [0.03ms]
(pass) nightly regression package and source contracts > keeps the browser lane pinned to curated public and real-local admin specs [0.06ms]
(pass) nightly regression package and source contracts > keeps mobile emulation inside the selected Chromium project [0.10ms]
(pass) nightly regression package and source contracts > requires loopback local endpoints and blocks third-party browser destinations [1.23ms]
(pass) nightly regression package and source contracts > keeps the real local admin browser mutation exception exact and browser-originated [0.89ms]
(pass) nightly regression package and source contracts > proves local browser function, owned Storage cleanup, and Realtime without raw evidence [0.19ms]
(pass) nightly regression package and source contracts > proves the real local current-profile mutation lifecycle without raw evidence [0.10ms]
(pass) nightly regression package and source contracts > requires an explicit non-conflicting local browser port [0.09ms]
(pass) nightly regression package and source contracts > requires current owner-only local stack and migration receipts before browser admission [0.22ms]
(pass) nightly regression package and source contracts > keeps nightly web log custody owner-only and symlink-safe [0.06ms]
(pass) nightly regression package and source contracts > keeps local Supabase fixture routing fail-closed [0.27ms]
(pass) nightly regression package and source contracts > keeps local health responses redacted to the stable three-field contract [0.03ms]
(pass) nightly regression package and source contracts > accepts the runner base URL and forwards only the local admin credentials needed by the real DB lane [0.05ms]
(pass) nightly regression package and source contracts > leaves the existing Playwright projects and server controls intact [0.02ms]
(pass) nightly regression package and source contracts > reduces the private Playwright JSON report before diagnostics persistence [0.22ms]
(pass) nightly regression package and source contracts > reconstructs local Docker nightly and uploads only sanitized artifacts [4.32ms]
(pass) nightly regression package and source contracts > uses one exact publication allowlist from capture through release [0.26ms]
(pass) nightly regression package and source contracts > attempts both requested local lanes before aggregating their raw outcomes [0.19ms]
(pass) nightly regression package and source contracts > captures a failing lane exit code even when the workflow shell inherits errexit [82.81ms]
(pass) nightly regression package and source contracts > emits only fixed-schema lane summaries and rejects inconsistent outcomes [87.55ms]
(pass) nightly regression package and source contracts > verifies and copies only bounded E2E failure evidence into diagnostics [224.95ms]
(pass) nightly regression package and source contracts > routes public web and local Supabase changes into Web Admin CI [0.10ms]
(pass) local migration v2 receipt envelope > admits v2 envelope for subsequent full authority validation, retaining v1 filename [0.40ms]
(pass) local migration v2 receipt envelope > rejects stale counts/schema, absent proofs, extra fields and provenance drift [0.39ms]

tests-unit/zz-ocr-route-contract.test.ts:
(pass) OCR extract route privacy and normalization contract > stores only bounded count/status metadata and excludes raw receipt/provider/credential payloads [1.86ms]
(pass) OCR extract route privacy and normalization contract > disables raw OCR log caching and persists fixed failure codes only [0.79ms]
(pass) OCR extract route privacy and normalization contract > rejects unauthenticated and oversized OCR requests before reading image bytes [0.30ms]
(pass) OCR extract route privacy and normalization contract > rejects cross-site OCR mutations before authentication or paid work [0.70ms]
(pass) OCR extract route privacy and normalization contract > parses only bounded, unique OCR multipart fields [1.42ms]
(pass) OCR extract route privacy and normalization contract > rejects malformed and chunked oversized OCR multipart bodies [6.95ms]
(pass) OCR extract route privacy and normalization contract > keeps authenticated OCR reads and writes on the user-scoped client [0.34ms]
(pass) OCR extract route privacy and normalization contract > force refresh rejection copy does not expose dev/admin internals [0.12ms]
(pass) OCR extract route privacy and normalization contract > fails closed without exposing diagnostics when quota state is unavailable [0.26ms]
(pass) OCR extract route privacy and normalization contract > uses an authenticated atomic OCR quota reservation instead of count-then-act [0.84ms]
(pass) OCR extract route privacy and normalization contract > parses bounded OCR quota receipts and fails closed on malformed RPC data [0.65ms]
(pass) OCR extract route privacy and normalization contract > admin OCR rerun preflights workflow before destructive reset and rolls back dispatch failures [1.50ms]
(pass) OCR extract route privacy and normalization contract > inline OCR rejects foreign, originless, and cross-site browser mutations [0.15ms]
(pass) OCR extract route privacy and normalization contract > inline OCR blocks secret-bearing fixtures before persistence and never retains debug receipt artifacts [0.81ms]
(pass) OCR extract route privacy and normalization contract > admin receipt image retrieval remains private, bounded, contained, and non-destructive [11.36ms]

 56 pass
 0 fail
 1241 expect() calls
Ran 56 tests across 5 files. [805.00ms]
