bun test v1.4.0 (34cbb9a40)

apps/web/tests-unit/nightly-regression-workflow.test.ts:
(pass) nightly regression package and source contracts > publishes one package entry point for the explicit nightly runner [0.05ms]
(pass) nightly regression package and source contracts > passes the verified Node 24 supervisor into the unit lane
(pass) nightly regression package and source contracts > passes only validated GitHub socket admission context to local stack children [0.48ms]
(pass) nightly regression package and source contracts > keeps hosted regression as an explicit manual fallback [0.17ms]
(pass) nightly regression package and source contracts > routes publication script changes through web admin pull and push CI [0.01ms]
(pass) nightly regression package and source contracts > parses local and hosted mode only from explicit command arguments [0.04ms]
(pass) nightly regression package and source contracts > requires dedicated nightly inputs instead of silently falling back to ambient env files [0.03ms]
(pass) nightly regression package and source contracts > keeps the browser lane pinned to curated public and real-local admin specs [0.14ms]
(pass) nightly regression package and source contracts > keeps mobile emulation inside the selected Chromium project [0.14ms]
(pass) nightly regression package and source contracts > requires loopback local endpoints and blocks third-party browser destinations [2.64ms]
(pass) nightly regression package and source contracts > keeps the real local admin browser mutation exception exact and browser-originated [0.89ms]
(pass) nightly regression package and source contracts > proves local browser function, owned Storage cleanup, and Realtime without raw evidence [0.16ms]
(pass) nightly regression package and source contracts > proves the real local current-profile mutation lifecycle without raw evidence [0.13ms]
(pass) nightly regression package and source contracts > requires an explicit non-conflicting local browser port [0.10ms]
(pass) nightly regression package and source contracts > requires current owner-only local stack and migration receipts before browser admission [0.23ms]
(pass) nightly regression package and source contracts > keeps nightly web log custody owner-only and symlink-safe [0.06ms]
(pass) nightly regression package and source contracts > keeps local Supabase fixture routing fail-closed [0.25ms]
(pass) nightly regression package and source contracts > keeps local health responses redacted to the stable three-field contract [0.02ms]
(pass) nightly regression package and source contracts > accepts the runner base URL and forwards only the local admin credentials needed by the real DB lane [0.04ms]
(pass) nightly regression package and source contracts > leaves the existing Playwright projects and server controls intact [0.01ms]
(pass) nightly regression package and source contracts > reduces the private Playwright JSON report before diagnostics persistence [0.20ms]
(pass) nightly regression package and source contracts > reconstructs local Docker nightly and uploads only sanitized artifacts [4.24ms]
(pass) nightly regression package and source contracts > uses one exact publication allowlist from capture through release [0.23ms]
(pass) nightly regression package and source contracts > attempts both requested local lanes before aggregating their raw outcomes [0.12ms]
(pass) nightly regression package and source contracts > captures a failing lane exit code even when the workflow shell inherits errexit [75.98ms]
(pass) nightly regression package and source contracts > emits only fixed-schema lane summaries and rejects inconsistent outcomes [79.85ms]
(pass) nightly regression package and source contracts > verifies and copies only bounded E2E failure evidence into diagnostics [269.17ms]
(pass) nightly regression package and source contracts > routes public web and local Supabase changes into Web Admin CI [0.10ms]
(pass) local migration v2 receipt envelope > admits v2 envelope for subsequent full authority validation, retaining v1 filename [0.15ms]
(pass) local migration v2 receipt envelope > rejects stale counts/schema, absent proofs, extra fields and provenance drift [0.29ms]

 30 pass
 0 fail
 933 expect() calls
Ran 30 tests across 1 file. [583.00ms]
