checkout-development /s/invalid-code 404 errors=0
checkout-development /s/Zz00Qq 404 errors=0
fixture-development /legacy/invalid-code 404 errors=0
fixture-development /legacy/FAIL00 404 errors=0
fixture-development /notice/invalid-code 200 errors=0
fixture-development /notice/MISSNG 200 errors=0
fixture-development /notice/FAIL00 200 errors=0
fixture-development /s/invalid-code 404 errors=0
fixture-development /s/MISSNG 404 errors=0
fixture-development /s/FAIL00 503 errors=0
fixture-development /s/VALID1 307 errors=redirect
fixture-development /s/BADURL 307 errors=redirect
fixture-production /legacy/invalid-code 404 errors=0
fixture-production /legacy/FAIL00 404 errors=0
fixture-production /notice/invalid-code 200 errors=0
fixture-production /notice/MISSNG 200 errors=0
fixture-production /notice/FAIL00 200 errors=0
fixture-production /s/invalid-code 404 errors=0
fixture-production /s/MISSNG 404 errors=0
fixture-production /s/FAIL00 503 errors=0
fixture-production /s/VALID1 307 errors=redirect
fixture-production /s/BADURL 307 errors=redirect
