bun test v1.4.0 (34cbb9a40)

tests-unit/admin-record-actions.test.ts:
(pass) admin action boundary > actor, fingerprint, unknown changes and unconfirmed apply cannot be supplied by browser [4.10ms]
(pass) admin action boundary > actual form contracts allow edited approval, cross-video merge and bounded multi-create [3.71ms]
(pass) admin action boundary > shared or changed media and malformed claim never reach Storage remove [2.58ms]
(pass) admin action boundary > incoming business telephone remains domain data and forbidden metadata remains blocked [5.33ms]
(pass) admin action boundary > uncertain ACK performs one RPC only; explicit readback recovers committed result [0.63ms]
(pass) admin action boundary > privacy and bypass actor fail before transport; bounded business telephone is supported [0.52ms]
(pass) admin action boundary > provider prose and malformed result never become an applied result [0.28ms]
(pass) admin action boundary > storage is not touched before committed DB receipt [0.45ms]
(pass) admin action boundary > lost delete ACK reads absence; uncertain restart does not repeat removal [5.69ms]
(pass) real route denies authentication/origin before body or privileged transport [1.18ms]
(pass) real route rejects unknown fields, binds auth actor and returns only bounded receipts [1.43ms]
(pass) media admission requires complete physical proof and exact deployment bindings [0.47ms]
(pass) passing experimental provider evidence cannot attest an official deployed runtime [0.06ms]
(pass) missing or forged media admission fails before RPC and Storage; DB moderation remains available [1.11ms]
(pass) actual SDK transport reads exact metadata name and never interprets partial readback as absence [0.27ms]
(pass) actual media route rejects unadmitted deployment before creating a privileged client [0.70ms]

 16 pass
 0 fail
 90 expect() calls
Ran 16 tests across 1 file. [145.00ms]
