bun test v1.4.0 (34cbb9a40)

tests-unit/expanded-cluster-flow-invariants.test.ts:
(pass) expanded cluster flow invariants > provider marker culling does not remove list or swipe candidates [1.33ms]
(pass) expanded cluster flow invariants > selected and searched offscreen restaurants remain provider exceptions [0.14ms]
(pass) expanded cluster flow invariants > pan to an empty viewport releases stale candidates and pan back restores the same ordered rows [0.96ms]
(pass) expanded cluster flow invariants > a refreshed array identity reindexes changed coordinates and changes the render signature [0.39ms]
(pass) expanded cluster flow invariants > empty viewport cleanup keeps an expanded selection renderable until expansion clears [0.01ms]
(pass) expanded cluster flow invariants > idle and resize invalidate expanded markers before scheduling the unchanged cluster debounce [0.32ms]
(pass) expanded cluster flow invariants > fast pan return restores culled markers without an away idle (cluster index: %s) [3.02ms]
(pass) expanded cluster flow invariants > fast pan return restores culled markers without an away idle (cluster index: %s) [0.95ms]
(pass) expanded cluster flow invariants > raw viewport changes invalidate only expanded markers (expanded: %s) [0.18ms]
(pass) expanded cluster flow invariants > raw viewport changes invalidate only expanded markers (expanded: %s) [0.06ms]
(pass) expanded cluster flow invariants > unchanged repeated idle keeps the marker signature while viewport revision invalidates it [0.16ms]

tests-unit/deferred-marker-renders.test.ts:
(pass) tail starts after paint opportunity and completes in bounded ordered tasks [0.35ms]
(pass) new data/unmount cancellation drops stale work and completion [0.05ms]
(pass) provider failure releases task references and requests bounded recovery [0.10ms]

tests-unit/deferred-marker-retry-limit.test.ts:
(pass) deferred provider failures preserve the real retry limit in branch 0 [0.98ms]
(pass) deferred provider failures preserve the real retry limit in branch 1 [0.30ms]
(pass) both production rendering branches participate in the bounded failure checks [0.02ms]

 17 pass
 0 fail
 86 expect() calls
Ran 17 tests across 3 files. [97.00ms]
