TAP version 13
# Subtest: pipeline connectivity probe preserves request caps, funded priority and once-only uncertain receipts
    # Subtest: funded key is authoritative and request/CLI/receipt caps are retained
    ok 1 - funded key is authoritative and request/CLI/receipt caps are retained
      ---
      duration_ms: 522.3055
      type: 'test'
      ...
    # Subtest: blank funded key retains the explicit generic credential fallback
    ok 2 - blank funded key retains the explicit generic credential fallback
      ---
      duration_ms: 275.423041
      type: 'test'
      ...
    # Subtest: blank generic credential retains the legacy alias fallback
    ok 3 - blank generic credential retains the legacy alias fallback
      ---
      duration_ms: 306.756208
      type: 'test'
      ...
    # Subtest: missing credential starts no SDK request and creates no misleading receipt
    ok 4 - missing credential starts no SDK request and creates no misleading receipt
      ---
      duration_ms: 96.341834
      type: 'test'
      ...
    # Subtest: funded authentication error does not rotate to another key or retry
    ok 5 - funded authentication error does not rotate to another key or retry
      ---
      duration_ms: 304.987375
      type: 'test'
      ...
    # Subtest: lost response remains uncertain and the same output cannot resend
    ok 6 - lost response remains uncertain and the same output cannot resend
      ---
      duration_ms: 371.2155
      type: 'test'
      ...
    # Subtest: process interruption leaves a running once-only receipt before request dispatch
    ok 7 - process interruption leaves a running once-only receipt before request dispatch
      ---
      duration_ms: 346.73675
      type: 'test'
      ...
    # Subtest: overlapping CLI runs sharing an output admit only one request
    ok 8 - overlapping CLI runs sharing an output admit only one request
      ---
      duration_ms: 1115.045625
      type: 'test'
      ...
    1..8
ok 1 - pipeline connectivity probe preserves request caps, funded priority and once-only uncertain receipts
  ---
  duration_ms: 3341.0395
  type: 'test'
  ...
1..1
# tests 9
# suites 0
# pass 9
# fail 0
# cancelled 0
# skipped 0
# todo 0
# duration_ms 3530.377709
