bun test v1.4.0 (34cbb9a40)

tests-unit/review-edit-modal-photo-cleanup.test.ts:
(pass) shared review mutation UI boundary > both UIs use commit-aware mutations and cannot directly remove photos or rows [0.23ms]
(pass) shared review mutation UI boundary > uncertain requests keep their retry action and cleanup can resume without a review card [0.07ms]

tests-unit/review-media-mutation.test.ts:
(pass) review commit and media failure boundaries > DB rejection before commit preserves old media and retires only unused uploads [5.30ms]
(pass) review commit and media failure boundaries > throw-after: committed upload survives; cleanup follows receipt [0.40ms]
(pass) review commit and media failure boundaries > error-after: committed upload survives; cleanup follows receipt [0.05ms]
(pass) review commit and media failure boundaries > unknown result later confirmed committed does not reupload or remutate [0.23ms]
(pass) review commit and media failure boundaries > error-before: missing receipt never authorizes compensation [0.15ms]
(pass) review commit and media failure boundaries > throw-before: missing receipt never authorizes compensation [0.15ms]
(pass) review commit and media failure boundaries > missing row is not a successful delete [0.20ms]
(pass) review commit and media failure boundaries > unauthorized owner cannot mutate or delete media [0.05ms]
(pass) review commit and media failure boundaries > partial Storage failure after commit survives page revisit for both purposes [0.26ms]
(pass) review commit and media failure boundaries > delete transport failure after completion is resolved by metadata readback [0.14ms]
(pass) review commit and media failure boundaries > cleanup RPC failure after commit does not replay the mutation [0.15ms]
(pass) review commit and media failure boundaries > concurrent clicks share one operation [0.07ms]
(pass) review commit and media failure boundaries > upload uncertainty verifies the same key and never deletes a live upload [0.05ms]
(pass) review commit and media failure boundaries > incomplete upload retries frozen paths before any DB write [0.05ms]
(pass) review commit and media failure boundaries > owner change during upload blocks mutation and cleanup [0.09ms]
(pass) review commit and media failure boundaries > cleanup validates owner, review and purpose on all returned paths [0.23ms]
(pass) review commit and media failure boundaries > stale baseline cannot replace a concurrent edit [0.04ms]
(pass) review commit and media failure boundaries > missing migration fails before uploading or mutating [0.04ms]
(pass) review commit and media failure boundaries > a different action cannot join an active edit and report its result as a deletion [0.12ms]
(pass) review commit and media failure boundaries > feedback never exposes provider diagnostics [0.07ms]

tests-unit/mypage-crud-contract.test.ts:
(pass) mypage CRUD QA/QC source contracts > profile update flows guard nickname, avatar, and password mutations by the signed-in user [0.83ms]
(pass) mypage CRUD QA/QC source contracts > bookmark and review deletion are owner-scoped and invalidate their read models [0.66ms]
(pass) mypage CRUD QA/QC source contracts > submission create flows insert parent and child rows with rollback on child insert failure [1.31ms]
(pass) mypage CRUD QA/QC source contracts > submission history deletion goes through an authenticated owner-checking API route [6.79ms]
(pass) mypage CRUD QA/QC source contracts > permanent account delete uses a bearer-bound one-time proof and preserves the durable worker/readback boundary [0.59ms]

tests-unit/auth-admin-login-redirect.test.ts:
(pass) proxy emits a fresh nonce-bound enforcing CSP and forwards the nonce to rendering [3.36ms]
(pass) password recovery proof > is user-bound and can be consumed only once [0.04ms]
(pass) public eligibility proxy > public eligibility skip decisions keep session hints eligible for live checks [0.06ms]
(pass) public eligibility proxy > only the exact method/path matrix can bypass eligibility [0.11ms]
(pass) public eligibility proxy > credentialless public pages and APIs bypass session lookup [0.62ms]
(pass) public eligibility proxy > onboarding, callback, and health loop-safe paths remain available to held sessions [0.84ms]
(pass) admin auth redirect helpers > 관리자 next 경로와 쿼리를 안전하게 보존한다 [0.09ms]
(pass) admin auth redirect helpers > 홈 로그인 모달 요청 URL을 읽고 검증된 next만 넘긴다 [0.06ms]
(pass) admin auth redirect helpers > privacy onboarding uses one exact loop-safe home modal URL [0.06ms]
(pass) admin auth redirect helpers > 홈 쿼리 로그인 성공은 success-aware cleanup을 사용하고 관리자 redirect는 assign을 유지한다 [0.64ms]
(pass) admin middleware login redirect > 미로그인 관리자는 auth required 화면 대신 홈 로그인 모달 URL로 보낸다 [2.07ms]
(pass) admin middleware login redirect > 관리자 로그인 리디렉션은 초과 길이 또는 잘못된 next 컨텍스트를 루트로 제한한다 [0.75ms]
(pass) admin middleware login redirect > 활성 세션 확인이 실패하면 로그인 화면으로 닫힌다 [0.78ms]
(pass) admin middleware login redirect > 로그인했지만 관리자가 아니면 홈으로 보낸다 [0.40ms]
(pass) admin middleware login redirect > 관리자는 요청한 관리자 페이지를 그대로 통과한다 [0.31ms]
(pass) admin middleware login redirect > 마이페이지 인증 리디렉션은 캐시하지 않는다 [0.33ms]
(pass) admin middleware login redirect > Supabase 설정이 없으면 보호된 관리자 JSON 응답을 캐시하지 않는다 [0.29ms]
(pass) 관리자 보호 경로의 비탐색 요청은 리디렉션 대신 닫힌 JSON 응답을 받는다 [0.65ms]
(pass) 관리자 권한 및 상태 권한 오류는 API 요청을 fail closed 한다 [0.52ms]
(pass) live eligibility denials, malformed receipts, and RPC failures close protected sessions [0.90ms]
(pass) existing accounts are classification-only and missing privacy evidence stays onboarding-required [0.08ms]

tests-unit/nightly-regression-workflow.test.ts:
(pass) nightly regression package and source contracts > publishes one package entry point for the explicit nightly runner [0.05ms]
(pass) nightly regression package and source contracts > passes the verified Node 24 supervisor into the unit lane
(pass) nightly regression package and source contracts > passes only validated GitHub socket admission context to local stack children [0.68ms]
(pass) nightly regression package and source contracts > keeps hosted regression as an explicit manual fallback [0.18ms]
(pass) nightly regression package and source contracts > routes publication script changes through web admin pull and push CI [0.01ms]
(pass) nightly regression package and source contracts > parses local and hosted mode only from explicit command arguments [0.05ms]
(pass) nightly regression package and source contracts > requires dedicated nightly inputs instead of silently falling back to ambient env files [0.03ms]
(pass) nightly regression package and source contracts > keeps the browser lane pinned to curated public and real-local admin specs [0.06ms]
(pass) nightly regression package and source contracts > keeps mobile emulation inside the selected Chromium project [0.21ms]
(pass) nightly regression package and source contracts > requires loopback local endpoints and blocks third-party browser destinations [1.15ms]
(pass) nightly regression package and source contracts > keeps the real local admin browser mutation exception exact and browser-originated [1.17ms]
(pass) nightly regression package and source contracts > proves local browser function, owned Storage cleanup, and Realtime without raw evidence [0.17ms]
(pass) nightly regression package and source contracts > proves the real local current-profile mutation lifecycle without raw evidence [0.09ms]
(pass) nightly regression package and source contracts > requires an explicit non-conflicting local browser port [0.09ms]
(pass) nightly regression package and source contracts > requires current owner-only local stack and migration receipts before browser admission [0.42ms]
(pass) nightly regression package and source contracts > keeps nightly web log custody owner-only and symlink-safe [0.07ms]
(pass) nightly regression package and source contracts > keeps local Supabase fixture routing fail-closed [0.29ms]
(pass) nightly regression package and source contracts > keeps local health responses redacted to the stable three-field contract [0.03ms]
(pass) nightly regression package and source contracts > accepts the runner base URL and forwards only the local admin credentials needed by the real DB lane [0.05ms]
(pass) nightly regression package and source contracts > leaves the existing Playwright projects and server controls intact [0.02ms]
(pass) nightly regression package and source contracts > reduces the private Playwright JSON report before diagnostics persistence [0.24ms]
(pass) nightly regression package and source contracts > reconstructs local Docker nightly and uploads only sanitized artifacts [4.11ms]
(pass) nightly regression package and source contracts > uses one exact publication allowlist from capture through release [0.23ms]
(pass) nightly regression package and source contracts > attempts both requested local lanes before aggregating their raw outcomes [0.15ms]
(pass) nightly regression package and source contracts > captures a failing lane exit code even when the workflow shell inherits errexit [43.10ms]
(pass) nightly regression package and source contracts > emits only fixed-schema lane summaries and rejects inconsistent outcomes [60.06ms]
(pass) nightly regression package and source contracts > verifies and copies only bounded E2E failure evidence into diagnostics [193.55ms]
(pass) nightly regression package and source contracts > routes public web and local Supabase changes into Web Admin CI [0.10ms]
(pass) local migration v2 receipt envelope > admits v2 envelope for subsequent full authority validation, retaining v1 filename [0.14ms]
(pass) local migration v2 receipt envelope > rejects stale counts/schema, absent proofs, extra fields and provenance drift [0.25ms]

 78 pass
 0 fail
 1383 expect() calls
Ran 78 tests across 5 files. [518.00ms]
