bun test v1.4.0 (34cbb9a40)

tests-unit/review-photo-ownership-source.test.ts:
(pass) review photo ownership source contracts > ReviewCard resolves only owner- and review-bound public URLs [0.32ms]
(pass) review photo ownership source contracts > ReviewEditModal validates ownership before rendering, persisting, or deleting object keys [0.55ms]
(pass) review photo ownership source contracts > local File previews are restricted and revoked [0.15ms]
(pass) review photo ownership source contracts > the review composer uploads and persists one canonical review id [0.66ms]

tests-unit/auth-existing-account-recovery.test.ts:
(pass) existing account privacy recovery > issues a newer token greater than the previous token [0.94ms]
(pass) existing account privacy recovery > end clears only the matching recovery token [0.41ms]
(pass) existing account privacy recovery > normalizes email casing and surrounding whitespace [0.24ms]
(pass) existing account privacy recovery > treats null, undefined, and empty user email as inactive [0.50ms]
(pass) existing account privacy recovery > is active before the 30 second deadline and inactive at expiration [0.40ms]
(pass) existing account privacy recovery > expiration check clears the stored recovery state [0.29ms]
(pass) existing account privacy recovery > repeated begin keeps only the latest recovery active [0.31ms]

tests-unit/review-edit-modal-photo-cleanup.test.ts:
(pass) shared review mutation UI boundary > both UIs use commit-aware mutations and cannot directly remove photos or rows [0.16ms]
(pass) shared review mutation UI boundary > uncertain requests keep their retry action and cleanup can resume without a review card [0.09ms]

tests-unit/auth-ui-events.test.ts:
(pass) auth ui request events > uses a stable global event name for login prompts [0.01ms]
(pass) auth ui request events > preserves caller metadata and fills a timestamp [0.06ms]
(pass) auth ui request events > dispatches explicit home auth session state for lazy home providers [0.17ms]
(pass) auth ui request events > defers login prompts briefly when a Supabase session hint exists [0.32ms]
(pass) auth ui request events > opens the login prompt after the grace period when a session hint is stale [0.10ms]
(pass) auth ui request events > forces known logged-out desktop prompts without waiting for stale session hints [0.09ms]

tests-unit/private-review-verification.test.ts:
(pass) private review verification image boundary > authorization fails before database or Storage access [0.37ms]
(pass) private review verification image boundary > invalid IDs and foreign owner, purpose, or arbitrary URL are rejected [0.44ms]
(pass) private review verification image boundary > authorized bounded image is delivered without caching or a signed URL [0.72ms]
(pass) private review verification image boundary > oversize, unsupported format and provider diagnostics stay bounded and fixed [1.19ms]
(pass) private review verification image boundary > new canonical images never fall back to public Storage; legacy first tries private [0.15ms]

tests-unit/review-save-submit.test.ts:
(pass) actual ReviewModal submit and Supabase adapter > saved cleanup owns its revision even after the current restaurant selection is cleared [145.95ms]
(pass) actual ReviewModal submit and Supabase adapter > known success writes pending review with canonical owner/review-bound photos [49.32ms]
(pass) actual ReviewModal submit and Supabase adapter > definite insert denial compensates and keeps input draft [40.48ms]
(pass) actual ReviewModal submit and Supabase adapter > lost commit reply reads by owner AND ID before reporting success [58.22ms]
(pass) actual ReviewModal submit and Supabase adapter > unavailable readback blocks duplicate write and leaves draft/photos intact [39.14ms]
(pass) actual ReviewModal submit and Supabase adapter > actual submit ref rejects same-tick double submit [36.48ms]
(pass) actual ReviewModal submit and Supabase adapter > changed input during submit is preserved after committed original draft [54.13ms]
(pass) actual ReviewModal submit and Supabase adapter > close during committed insert reports success and notifies consumers once [33.94ms]
(pass) actual ReviewModal submit and Supabase adapter > known commit completes scoped draft cleanup after unmounted without callbacks or photo removal [33.58ms]
(pass) actual ReviewModal submit and Supabase adapter > known commit completes scoped draft cleanup after different-owner without callbacks or photo removal [34.17ms]
(pass) actual ReviewModal submit and Supabase adapter > unmount with unanswered insert never clears its draft or saved photos [37.10ms]
(pass) actual ReviewModal submit and Supabase adapter > unmount during draft snapshot capture cannot dispatch a review write [37.83ms]
(pass) actual ReviewModal submit and Supabase adapter > close readback can discover earlier commit and notify consumers [57.88ms]
(pass) actual ReviewModal submit and Supabase adapter > callback failure never reports database failure or permits a duplicate retry [57.36ms]
(pass) actual ReviewModal submit and Supabase adapter > draft deletion failure offers cleanup retry with the original saved operation [59.50ms]
(pass) actual ReviewModal submit and Supabase adapter > recovery renders an accessible new-tab edit destination and disables every create control [40.76ms]
(pass) actual ReviewModal submit and Supabase adapter > actual close handler retains form and blocks close for unresolved write [48.90ms]
(pass) actual ReviewModal submit and Supabase adapter > actual edit handler binds the owner and original snapshot to the atomic mutation [7.35ms]
(pass) actual draft handlers and IndexedDB deletion boundary > awaits in-flight autosave then prepared cleanup and suppresses late autosave [25.41ms]
(pass) actual draft handlers and IndexedDB deletion boundary > clearDraft reports deletion failure rather than acknowledging cleanup [8.74ms]
(pass) composer-owned draft revisions > pre-capture B saved at the same key survives A submit [80.22ms]
(pass) composer-owned draft revisions > fully compensated upload rejection refreshes same-composer autosave timestamp on retry [102.69ms]
(pass) composer-owned draft revisions > fully compensated insert rejection refreshes same-composer autosave timestamp on retry [103.69ms]
(pass) composer-owned draft revisions > no own revision cannot delete an existing row; restored revision can [143.19ms]
(pass) composer-owned draft revisions > absent owned row never authorizes a subsequently saved row [57.69ms]
(pass) composer-owned draft revisions > B timestamp-only replacement before capture survives [69.74ms]
(pass) composer-owned draft revisions > compensated retry cannot acquire B revision from the current IDB row [84.60ms]
(pass) composer-owned draft revisions > unknown-insert never refreshes to a later same-composer autosave [115.68ms]
(pass) composer-owned draft revisions > unanswered-upload never refreshes to a later same-composer autosave [107.80ms]
(pass) composer-owned draft revisions > known commit cleanup retry retains original revision after later autosave [110.87ms]
(pass) composer-owned draft revisions > capture IO failure blocks writes and retry uses only the remembered revision [75.64ms]
(pass) composer-owned draft revisions > scope mismatch cannot grant cleanup authority [61.50ms]
(pass) composer-owned draft revisions > late autoSave completion cannot restore old scope authority [72.30ms]
(pass) composer-owned draft revisions > late loadDraft completion cannot restore old scope authority [73.98ms]
(pass) composer-owned draft revisions > expired owned revision cannot block submit or acquire a fresh B row [75.99ms]

tests-unit/search-count-refresh.test.ts:
(pass) disabled search analytics does not trigger a redundant popularity read [0.10ms]
(pass) only an applied counter mutation refreshes popularity [0.01ms]

tests-unit/review-save-operation.test.ts:
(pass) bounded review save operation (offline) > known success and unchanged retry write one row and photo set [0.48ms]
(pass) bounded review save operation (offline) > definite denial cleans uploads and retains ID and paths across five retries [0.36ms]
(pass) bounded review save operation (offline) > lost commit reply (returned) recovers without reupload or second insert [0.25ms]
(pass) bounded review save operation (offline) > lost commit reply (thrown) recovers without reupload or second insert [0.04ms]
(pass) bounded review save operation (offline) > failed readback blocks retry, replacement and cancellation without deleting committed photos [0.14ms]
(pass) bounded review save operation (offline) > thrown readback failure and subsequent empty read never prove rollback [0.31ms]
(pass) bounded review save operation (offline) > empty ambiguous read allows same-ID insert retry without reupload, but never cleanup/new ID [0.29ms]
(pass) bounded review save operation (offline) > a rejection on retry cannot erase an earlier unknown write [0.20ms]
(pass) bounded review save operation (offline) > changed draft (content) gets new ID after definite rejection cleanup [0.25ms]
(pass) bounded review save operation (offline) > changed draft (file) gets new ID after definite rejection cleanup [0.14ms]
(pass) bounded review save operation (offline) > changed draft after recovered commit never silently creates another review [0.22ms]
(pass) bounded review save operation (offline) > explicit partial rejection waits for late sibling upload before exact owned cleanup [0.34ms]
(pass) bounded review save operation (offline) > receipt upload denial does not start food uploads or insert [0.22ms]
(pass) bounded review save operation (offline) > cleanup failure blocks replacement and retains only the exact operation set [0.24ms]
(pass) bounded review save operation (offline) > remove success with failed storage readback retains cleanup obligation [0.37ms]
(pass) bounded review save operation (offline) > cancel during compression prevents storage and insert [0.24ms]
(pass) bounded review save operation (offline) > cancel during uploads waits for completion and cleans without insert [0.10ms]
(pass) bounded review save operation (offline) > cancel after insert dispatch preserves committed references [0.09ms]
(pass) bounded review save operation (offline) > owner transition prevents uploads, insert and cross-owner cleanup/retry [0.07ms]
(pass) bounded review save operation (offline) > mismatched row never authorizes success or cleanup [0.07ms]
(pass) bounded review save operation (offline) > no arbitrary photo cap is introduced [0.23ms]
(pass) bounded review save operation (offline) > invalid ownership is rejected before any storage mutation [0.09ms]

tests-unit/mypage-mobile-cleanup-contract.test.ts:
(pass) mypage mobile cleanup source contracts > layout fills the viewport without duplicate return chrome [1.30ms]
(pass) mypage mobile cleanup source contracts > profile page keeps a quiet mobile-first action hierarchy without noisy duplicate chrome [3.92ms]
(pass) mypage mobile cleanup source contracts > profile dashboard keeps exactly one border around the whole surface [0.43ms]
(pass) mypage mobile cleanup source contracts > mobile loading keeps static mypage chrome and uses borderless dynamic skeletons [0.44ms]
(pass) mypage mobile cleanup source contracts > mypage sections share a calm responsive frame across desktop and mobile [1.59ms]
(pass) mypage mobile cleanup source contracts > profile photo controls are compact and not duplicated as a large mobile identity card [0.36ms]
(pass) mypage mobile cleanup source contracts > mobile icon-only mypage actions have labels and touch-sized targets [0.68ms]
(pass) mypage mobile cleanup source contracts > mypage list cards avoid cramped md columns and clipped card content [0.42ms]
(pass) mypage mobile cleanup source contracts > mypage desktop cards fill stretched rows and keep touch targets [0.17ms]

tests-unit/review-media-mutation.test.ts:
(pass) review commit and media failure boundaries > DB rejection before commit preserves old media and retires only unused uploads [1.51ms]
(pass) review commit and media failure boundaries > throw-after: committed upload survives; cleanup follows receipt [0.34ms]
(pass) review commit and media failure boundaries > error-after: committed upload survives; cleanup follows receipt [0.04ms]
(pass) review commit and media failure boundaries > unknown result later confirmed committed does not reupload or remutate [0.11ms]
(pass) review commit and media failure boundaries > error-before: missing receipt never authorizes compensation [0.08ms]
(pass) review commit and media failure boundaries > throw-before: missing receipt never authorizes compensation [0.03ms]
(pass) review commit and media failure boundaries > missing row is not a successful delete [0.04ms]
(pass) review commit and media failure boundaries > unauthorized owner cannot mutate or delete media [0.10ms]
(pass) review commit and media failure boundaries > partial Storage failure after commit survives page revisit for both purposes [0.16ms]
(pass) review commit and media failure boundaries > delete transport failure after completion is resolved by metadata readback [0.23ms]
(pass) review commit and media failure boundaries > cleanup RPC failure after commit does not replay the mutation [0.18ms]
(pass) review commit and media failure boundaries > concurrent clicks share one operation [0.09ms]
(pass) review commit and media failure boundaries > upload uncertainty verifies the same key and never deletes a live upload [0.05ms]
(pass) review commit and media failure boundaries > incomplete upload retries frozen paths before any DB write [0.06ms]
(pass) review commit and media failure boundaries > owner change during upload blocks mutation and cleanup [0.10ms]
(pass) review commit and media failure boundaries > cleanup validates owner, review and purpose on all returned paths [0.04ms]
(pass) review commit and media failure boundaries > stale baseline cannot replace a concurrent edit [0.02ms]
(pass) review commit and media failure boundaries > missing migration fails before uploading or mutating [0.04ms]
(pass) review commit and media failure boundaries > a different action cannot join an active edit and report its result as a deletion [0.13ms]
(pass) review commit and media failure boundaries > feedback never exposes provider diagnostics [0.06ms]

tests-unit/review-upload-uncertainty.test.ts:
(pass) independent late Storage upload uncertainty (offline) > known success and unchanged retry allocate, prepare and insert exactly once [0.55ms]
(pass) independent late Storage upload uncertainty (offline) > receipt late commit after returned failure and settled cancellation stays retained [0.37ms]
(pass) independent late Storage upload uncertainty (offline) > receipt late commit after returned failure and in-flight cancellation stays retained [0.04ms]
(pass) independent late Storage upload uncertainty (offline) > receipt late commit after thrown failure and settled cancellation stays retained [0.04ms]
(pass) independent late Storage upload uncertainty (offline) > receipt late commit after thrown failure and in-flight cancellation stays retained [0.03ms]
(pass) independent late Storage upload uncertainty (offline) > parallel food returned failure keeps late sibling and original server commit owned [0.48ms]
(pass) independent late Storage upload uncertainty (offline) > parallel food thrown failure keeps late sibling and original server commit owned [0.06ms]
(pass) independent late Storage upload uncertainty (offline) > explicit status=400 with no earlier uncertainty permits cleanup and replacement [0.30ms]
(pass) independent late Storage upload uncertainty (offline) > explicit statusCode=400 with no earlier uncertainty permits cleanup and replacement [0.04ms]
(pass) independent late Storage upload uncertainty (offline) > explicit status=401 with no earlier uncertainty permits cleanup and replacement [0.09ms]
(pass) independent late Storage upload uncertainty (offline) > explicit statusCode=401 with no earlier uncertainty permits cleanup and replacement [0.05ms]
(pass) independent late Storage upload uncertainty (offline) > explicit status=403 with no earlier uncertainty permits cleanup and replacement [0.03ms]
(pass) independent late Storage upload uncertainty (offline) > explicit statusCode=403 with no earlier uncertainty permits cleanup and replacement [0.03ms]
(pass) independent late Storage upload uncertainty (offline) > explicit status=413 with no earlier uncertainty permits cleanup and replacement [0.04ms]
(pass) independent late Storage upload uncertainty (offline) > explicit statusCode=413 with no earlier uncertainty permits cleanup and replacement [0.03ms]
(pass) independent late Storage upload uncertainty (offline) > explicit status=415 with no earlier uncertainty permits cleanup and replacement [0.02ms]
(pass) independent late Storage upload uncertainty (offline) > explicit statusCode=415 with no earlier uncertainty permits cleanup and replacement [0.03ms]
(pass) independent late Storage upload uncertainty (offline) > explicit status=422 with no earlier uncertainty permits cleanup and replacement [0.03ms]
(pass) independent late Storage upload uncertainty (offline) > explicit statusCode=422 with no earlier uncertainty permits cleanup and replacement [0.03ms]
(pass) independent late Storage upload uncertainty (offline) > non-definite upload error {"status":409} never authorizes cleanup [0.12ms]
(pass) independent late Storage upload uncertainty (offline) > non-definite upload error {"statusCode":"409"} never authorizes cleanup [0.03ms]
(pass) independent late Storage upload uncertainty (offline) > non-definite upload error {"status":500} never authorizes cleanup [0.02ms]
(pass) independent late Storage upload uncertainty (offline) > non-definite upload error {"statusCode":"503"} never authorizes cleanup [0.02ms]
(pass) independent late Storage upload uncertainty (offline) > non-definite upload error {"code":"transport"} never authorizes cleanup [0.02ms]
(pass) independent late Storage upload uncertainty (offline) > non-definite upload error {} never authorizes cleanup [0.01ms]
(pass) independent late Storage upload uncertainty (offline) > SQL-looking code without a Storage HTTP outcome cannot prove rollback [0.09ms]
(pass) independent late Storage upload uncertainty (offline) > upload rejection {"statusCode":"400"} on retry cannot erase an earlier unanswered receipt [0.22ms]
(pass) independent late Storage upload uncertainty (offline) > upload rejection {"statusCode":"401"} on retry cannot erase an earlier unanswered receipt [0.20ms]
(pass) independent late Storage upload uncertainty (offline) > upload rejection {"statusCode":"403"} on retry cannot erase an earlier unanswered receipt [0.14ms]
(pass) independent late Storage upload uncertainty (offline) > upload rejection {"statusCode":"413"} on retry cannot erase an earlier unanswered receipt [0.20ms]
(pass) independent late Storage upload uncertainty (offline) > upload rejection {"statusCode":"415"} on retry cannot erase an earlier unanswered receipt [0.08ms]
(pass) independent late Storage upload uncertainty (offline) > upload rejection {"statusCode":"422"} on retry cannot erase an earlier unanswered receipt [0.14ms]
(pass) independent late Storage upload uncertainty (offline) > upload rejection {"code":"42501"} on retry cannot erase an earlier unanswered receipt [0.11ms]
(pass) independent late Storage upload uncertainty (offline) > upload rejection {"status":503,"code":"42501"} on retry cannot erase an earlier unanswered receipt [0.04ms]
(pass) independent late Storage upload uncertainty (offline) > upload rejection {"statusCode":"409","code":"23514"} on retry cannot erase an earlier unanswered receipt [0.09ms]
(pass) independent late Storage upload uncertainty (offline) > affirmative metadata recovers late receipt on original ID without reupload [0.23ms]
(pass) independent late Storage upload uncertainty (offline) > affirmative metadata recovers late food on original ID without reupload [0.06ms]
(pass) independent late Storage upload uncertainty (offline) > success on same-path retry before original commit may finalize one matching review [0.23ms]
(pass) independent late Storage upload uncertainty (offline) > metadata plus definite insert rejection must retain earlier upload uncertainty [0.41ms]
(pass) independent late Storage upload uncertainty (offline) > retry-success plus definite insert rejection must retain earlier upload uncertainty [0.12ms]
(pass) independent late Storage upload uncertainty (offline) > ordinary insert rejection without unanswered upload remains safely retryable on identical paths [0.28ms]
(pass) independent late Storage upload uncertainty (offline) > metadata missing cannot certify availability or release upload uncertainty [0.18ms]
(pass) independent late Storage upload uncertainty (offline) > metadata size-mismatch cannot certify availability or release upload uncertainty [0.03ms]
(pass) independent late Storage upload uncertainty (offline) > metadata mime-mismatch cannot certify availability or release upload uncertainty [0.03ms]
(pass) independent late Storage upload uncertainty (offline) > metadata size-missing cannot certify availability or release upload uncertainty [0.02ms]
(pass) independent late Storage upload uncertainty (offline) > metadata mime-missing cannot certify availability or release upload uncertainty [0.03ms]
(pass) independent late Storage upload uncertainty (offline) > metadata denied cannot certify availability or release upload uncertainty [0.03ms]
(pass) independent late Storage upload uncertainty (offline) > metadata throws cannot certify availability or release upload uncertainty [0.19ms]
(pass) independent late Storage upload uncertainty (offline) > optional metadata verifier may be absent without making transport failure definite [0.29ms]
(pass) independent late Storage upload uncertainty (offline) > owner transition during receipt to signed-out blocks retry, replacement and cleanup [0.19ms]
(pass) independent late Storage upload uncertainty (offline) > owner transition during food to signed-out blocks retry, replacement and cleanup [0.05ms]
(pass) independent late Storage upload uncertainty (offline) > owner transition during receipt to other-owner blocks retry, replacement and cleanup [0.16ms]
(pass) independent late Storage upload uncertainty (offline) > owner transition during food to other-owner blocks retry, replacement and cleanup [0.03ms]
(pass) independent late Storage upload uncertainty (offline) > owner transition while affirmative metadata is pending prevents the next upload or insert [0.14ms]
(pass) independent late Storage upload uncertainty (offline) > matching saved review resolves uncertainty without cleanup and release permits a new operation [0.16ms]
(pass) independent late Storage upload uncertainty (offline) > mismatched saved row id cannot release unanswered uploads [0.12ms]
(pass) independent late Storage upload uncertainty (offline) > mismatched saved row owner cannot release unanswered uploads [0.05ms]
(pass) independent late Storage upload uncertainty (offline) > mismatched saved row restaurant cannot release unanswered uploads [0.03ms]
(pass) independent late Storage upload uncertainty (offline) > mismatched saved row receipt cannot release unanswered uploads [0.02ms]
(pass) independent late Storage upload uncertainty (offline) > mismatched saved row food cannot release unanswered uploads [0.05ms]
(pass) independent late Storage upload uncertainty (offline) > mismatched saved row food-order cannot release unanswered uploads [0.03ms]
(pass) independent late Storage upload uncertainty (offline) > owner transition during matching review readback never releases the old owner operation [0.18ms]
(pass) independent late Storage upload uncertainty (offline) > repeated absent metadata and rejected retries do not expire or cap the retained operation [0.70ms]
(pass) independent late Storage upload uncertainty (offline) > forty-eight food uploads start in parallel after receipt and complete without application timers [0.39ms]

tests-unit/review-draft-deletion-browser.test.ts:
(pass) captured draft deletion is atomic, scoped, retryable and protects replacement rows [6876.62ms]

tests-unit/auth-user-continuation.test.ts:
(pass) requested user login continuation > keeps MY and review destinations while ordinary in-page login stays put [0.13ms]
(pass) requested user login continuation > retains the administrator boundary and rejects unsafe destinations [0.09ms]
(pass) requested user login continuation > binds the resumed stamp composer to the selected public restaurant ID [0.16ms]

tests-unit/review-save-owner-lifecycle.test.ts:
(pass) real React owner-key remount clears A inputs, unblocks B, and protects unknown A photos [1424.28ms]

tests-unit/mypage-crud-contract.test.ts:
(pass) mypage CRUD QA/QC source contracts > profile update flows guard nickname, avatar, and password mutations by the signed-in user [0.71ms]
(pass) mypage CRUD QA/QC source contracts > bookmark and review deletion are owner-scoped and invalidate their read models [0.82ms]
(pass) mypage CRUD QA/QC source contracts > submission create flows insert parent and child rows with rollback on child insert failure [1.55ms]
(pass) mypage CRUD QA/QC source contracts > submission history deletion goes through an authenticated owner-checking API route [1.15ms]
(pass) mypage CRUD QA/QC source contracts > permanent account delete uses a bearer-bound one-time proof and preserves the durable worker/readback boundary [0.71ms]

tests-unit/review-draft-privacy.test.ts:
(pass) review draft privacy persistence > uses a v3 compound scope key with bounded expiry metadata [0.04ms]
(pass) review draft privacy persistence > constructs persisted and returned rows field-by-field without media [0.05ms]
(pass) review draft privacy persistence > uses bounded cursors for cleanup, user lists, and deletion readback [0.04ms]

tests-unit/review-modal-ocr-ux.test.ts:
(pass) review modal OCR UX helpers > suppresses automatic OCR navigation while the user is actively editing [0.04ms]
(pass) review modal OCR UX helpers > keeps automatic OCR navigation disabled after manual step movement
(pass) review modal OCR UX helpers > tracks persistent AI-filled field markers without mutating previous sets [0.04ms]
(pass) review modal OCR UX helpers > orders progress stages for the compact SSE timeline [0.02ms]
(pass) review modal OCR selected restaurant guard > does not replace selected restaurant from fuzzy OCR-only match [0.11ms]
(pass) review modal OCR terminal recovery contract > keeps the receipt photo attached and reuses one terminal notice helper [0.45ms]
(pass) review modal OCR terminal recovery contract > uses safe user-facing copy for force OCR refresh toggle [0.17ms]

tests-unit/review-modal-map-panel-helpers.test.ts:
(pass) review modal desktop map-panel helpers > maps arrow keys to predictable one-step panel movement [0.05ms]
(pass) review modal desktop map-panel helpers > ignores non-movement keys and supports custom step sizes

tests-unit/review-photo-url-security.test.ts:
(pass) review photo URL trust boundary > verification images resolve to the authenticated admin route, never a public or signed URL [0.28ms]
(pass) review photo URL trust boundary > builds and resolves a canonical key bound to its owner and review [0.06ms]
(pass) review photo URL trust boundary > rejects another owner, review, or purpose [0.01ms]
(pass) review photo URL trust boundary > resolves same-origin public review-photo URLs back to the owned object [0.03ms]
(pass) review photo URL trust boundary > rejects absolute URLs, buckets, traversal, encoded separators, queries, and fragments [0.04ms]
(pass) review photo URL trust boundary > rejects controls, malformed key shapes, and unsupported image extensions [0.04ms]
(pass) review photo URL trust boundary > fails closed without owner binding and for invalid cache-buster values [0.02ms]
(pass) review photo URL trust boundary > resolves the historical composer layout for the owning user only [0.06ms]
(pass) review photo URL trust boundary > resolves the configured loopback origin instead of requiring https [0.03ms]
(pass) review photo URL trust boundary > normalizes browser filenames into the canonical filename grammar [0.09ms]
(pass) review photo URL trust boundary > rejects an arbitrary tracker origin even when the storage client generates that origin [0.02ms]
(pass) review photo URL trust boundary > deduplicates cleanup keys and verifies removal through storage readback [0.17ms]
(pass) review photo URL trust boundary > retains the exact canonical retry set when remove resolves an error or readback finds an object [0.07ms]

tests-unit/auth-admin-login-redirect.test.ts:
(pass) proxy emits a fresh nonce-bound enforcing CSP and forwards the nonce to rendering [3.54ms]
(pass) password recovery proof > is user-bound and can be consumed only once [0.06ms]
(pass) public eligibility proxy > public eligibility skip decisions keep session hints eligible for live checks [0.05ms]
(pass) public eligibility proxy > only the exact method/path matrix can bypass eligibility [0.10ms]
(pass) public eligibility proxy > credentialless public pages and APIs bypass session lookup [0.71ms]
(pass) public eligibility proxy > onboarding, callback, and health loop-safe paths remain available to held sessions [0.72ms]
(pass) admin auth redirect helpers > 관리자 next 경로와 쿼리를 안전하게 보존한다 [0.03ms]
(pass) admin auth redirect helpers > 홈 로그인 모달 요청 URL을 읽고 검증된 next만 넘긴다 [0.04ms]
(pass) admin auth redirect helpers > privacy onboarding uses one exact loop-safe home modal URL [0.04ms]
(pass) admin auth redirect helpers > 홈 쿼리 로그인 성공은 success-aware cleanup을 사용하고 관리자 redirect는 assign을 유지한다 [0.73ms]
(pass) admin middleware login redirect > 미로그인 관리자는 auth required 화면 대신 홈 로그인 모달 URL로 보낸다 [1.27ms]
(pass) admin middleware login redirect > 관리자 로그인 리디렉션은 초과 길이 또는 잘못된 next 컨텍스트를 루트로 제한한다 [0.40ms]
(pass) admin middleware login redirect > 활성 세션 확인이 실패하면 로그인 화면으로 닫힌다 [0.50ms]
(pass) admin middleware login redirect > 로그인했지만 관리자가 아니면 홈으로 보낸다 [0.47ms]
(pass) admin middleware login redirect > 관리자는 요청한 관리자 페이지를 그대로 통과한다 [0.25ms]
(pass) admin middleware login redirect > 마이페이지 인증 리디렉션은 캐시하지 않는다 [0.28ms]
(pass) admin middleware login redirect > Supabase 설정이 없으면 보호된 관리자 JSON 응답을 캐시하지 않는다 [0.28ms]
(pass) 관리자 보호 경로의 비탐색 요청은 리디렉션 대신 닫힌 JSON 응답을 받는다 [0.37ms]
(pass) 관리자 권한 및 상태 권한 오류는 API 요청을 fail closed 한다 [0.49ms]
(pass) live eligibility denials, malformed receipts, and RPC failures close protected sessions [0.67ms]
(pass) existing accounts are classification-only and missing privacy evidence stays onboarding-required [0.18ms]

tests-unit/auth-release-smoke-source.test.ts:
(pass) origin, storage, and Supabase validation fail closed [0.49ms]
(pass) authenticated browser proof is challenge-bound, redacted, and fail-closed [0.55ms]
(pass) release smoke classifies existing sessions only and cannot create privacy admission evidence [0.31ms]
(pass) proof transport bypasses hostile page code and routing blocks egress before dispatch [0.65ms]
(pass) release CLI is strict, canonical, and independent from environment trust inputs [0.46ms]
(pass) deployment receipt digest is canonical and binds release tuple fields [2.07ms]
(pass) cell, metadata, final path, and revocation proof are strict [0.54ms]
(pass) bounded helpers fail on spawn error, nonzero exit, output overflow, and hangs [45.70ms]
(pass) Windows cleanup accepts normal exit only after targeted job-boundary verification [49.56ms]
(pass) Windows broker control channel is nonce-bound and fails closed on missing proof [0.44ms]
(pass) Windows PowerShell startup progress filtering is exact and preserves diagnostics [0.05ms]
(pass) fake Windows broker requires READY, ACK, STARTED, COMPLETE, and control-channel close [58.35ms]
(pass) POSIX cleanup requires the owned PID-namespace supervisor and child output remains redacted [73.83ms]
(pass) parent lifecycle cleanup drains local child handles after verified timeout teardown, handles spawn failure, and rejects cleanup ambiguity [74.00ms]
(pass) child output cap discards oversized combined output before teardown [0.80ms]
(skip) production controller tears down a real resistant descendant and closes pipes
(pass) bound session identity requires canonical duplicate-free JWT claims and a bounded opaque refresh digest [1.35ms]
(pass) authoritative identity and preflight RPCs bind the dedicated user, refresh digest, and exact lease [0.88ms]
(pass) authoritative revocation retries idempotently and requires exact readback [1.36ms]
(pass) browser child cannot revoke or receive parent-only Supabase credentials [0.72ms]
(pass) revocation migration, active-session authorization, and containment are fail closed [1.26ms]
(pass) Linux supervisor runtime selection fails closed outside verified Node 24 [0.15ms]

tests-unit/mypage-reviews-read-runtime.test.ts:
(pass) my-reviews read status and retry > a successful empty result stays distinct from a read failure [1.44ms]
(pass) my-reviews read status and retry > returned-error rejects with a fixed error and a retry recovers the saved review [0.37ms]
(pass) my-reviews read status and retry > thrown-error rejects with a fixed error and a retry recovers the saved review [0.09ms]
(pass) my-reviews read status and retry > restaurant-error rejects with a fixed error and a retry recovers the saved review [0.18ms]
(pass) my-reviews read status and retry > canonical-error rejects with a fixed error and a retry recovers the saved review [0.09ms]
(pass) my-reviews read status and retry > a failed refresh keeps prior successful data available rather than replacing it with empty data [0.20ms]

tests-unit/auth-callback-session.test.ts:
(pass) rejected callback session revocation > signs out globally first and then locally [0.66ms]
(pass) rejected callback session revocation > still attempts the local sign out when the global sign out fails [0.26ms]
(pass) rejected callback session revocation > swallows a local sign out failure after a successful global sign out [0.19ms]
(pass) rejected callback session revocation > never rejects even when both sign out attempts fail [0.25ms]
(pass) rejected callback session revocation > swallows non-Error rejections without leaking them [0.23ms]
(pass) rejected callback session revocation > does not rethrow a synchronous sign out throw [0.37ms]
(pass) rejected callback session revocation > createCallbackSupabaseClient delegates to the configured server client factory [0.30ms]

tests-unit/review-close-revision-browser.test.ts:
(pass) real React and IDB composer revision orderings [1483.60ms]

tests-unit/review-draft-revision-browser.test.ts:
(pass) real React and IDB composer revision orderings [1325.52ms]

1 tests skipped:
(skip) production controller tears down a real resistant descendant and closes pipes

 268 pass
 1 skip
 0 fail
 3137 expect() calls
Ran 269 tests across 25 files. [14.44s]
