bun test v1.4.0 (34cbb9a40)

tests-unit/review-photo-ownership-source.test.ts:
(pass) review photo ownership source contracts > ReviewCard resolves only owner- and review-bound public URLs [0.40ms]
(pass) review photo ownership source contracts > ReviewEditModal validates ownership before rendering, persisting, or deleting object keys [0.52ms]
(pass) review photo ownership source contracts > local File previews are restricted and revoked [0.24ms]
(pass) review photo ownership source contracts > the review composer uploads and persists one canonical review id [0.53ms]

tests-unit/review-edit-modal-photo-cleanup.test.ts:
(pass) shared review mutation UI boundary > both UIs use commit-aware mutations and cannot directly remove photos or rows [0.19ms]
(pass) shared review mutation UI boundary > uncertain requests keep their retry action and cleanup can resume without a review card [0.11ms]
(pass) shared review mutation UI boundary > edit keeps authoritative historical photo values separate from Storage object paths [0.05ms]

tests-unit/private-review-verification.test.ts:
(pass) private review verification image boundary > authorization fails before database or Storage access [0.36ms]
(pass) private review verification image boundary > invalid IDs and foreign owner, purpose, or arbitrary URL are rejected [0.49ms]
(pass) private review verification image boundary > authorized bounded image is delivered without caching or a signed URL [0.65ms]
(pass) private review verification image boundary > oversize, unsupported format and provider diagnostics stay bounded and fixed [1.28ms]
(pass) private review verification image boundary > canonical and legacy authoritative keys fall back to the pre-migration public bucket [0.20ms]
(pass) private review verification image boundary > normalizes the authoritative same-origin historical URL before download [0.27ms]

tests-unit/review-save-submit.test.ts:
(pass) actual ReviewModal submit and Supabase adapter > receipt selection and preparation enforce the private bucket MIME allowlist [0.14ms]
(pass) actual ReviewModal submit and Supabase adapter > saved cleanup owns its revision even after the current restaurant selection is cleared [139.07ms]
(pass) actual ReviewModal submit and Supabase adapter > known success writes pending review with canonical owner/review-bound photos [62.41ms]
(pass) actual ReviewModal submit and Supabase adapter > definite insert denial compensates and keeps input draft [85.52ms]
(pass) actual ReviewModal submit and Supabase adapter > lost commit reply reads by owner AND ID before reporting success [160.25ms]
(pass) actual ReviewModal submit and Supabase adapter > unavailable readback blocks duplicate write and leaves draft/photos intact [125.75ms]
(pass) actual ReviewModal submit and Supabase adapter > actual submit ref rejects same-tick double submit [36.50ms]
(pass) actual ReviewModal submit and Supabase adapter > changed input during submit is preserved after committed original draft [59.31ms]
(pass) actual ReviewModal submit and Supabase adapter > close during committed insert reports success and notifies consumers once [46.04ms]
(pass) actual ReviewModal submit and Supabase adapter > known commit completes scoped draft cleanup after unmounted without callbacks or photo removal [68.53ms]
(pass) actual ReviewModal submit and Supabase adapter > known commit completes scoped draft cleanup after different-owner without callbacks or photo removal [95.56ms]
(pass) actual ReviewModal submit and Supabase adapter > unmount with unanswered insert never clears its draft or saved photos [34.70ms]
(pass) actual ReviewModal submit and Supabase adapter > unmount during draft snapshot capture cannot dispatch a review write [38.44ms]
(pass) actual ReviewModal submit and Supabase adapter > close readback can discover earlier commit and notify consumers [39.69ms]
(pass) actual ReviewModal submit and Supabase adapter > callback failure never reports database failure or permits a duplicate retry [51.69ms]
(pass) actual ReviewModal submit and Supabase adapter > draft deletion failure offers cleanup retry with the original saved operation [46.54ms]
(pass) actual ReviewModal submit and Supabase adapter > recovery renders an accessible new-tab edit destination and disables every create control [15.09ms]
(pass) actual ReviewModal submit and Supabase adapter > actual close handler retains form and blocks close for unresolved write [39.89ms]
(pass) actual ReviewModal submit and Supabase adapter > actual edit handler binds the owner and original snapshot to the atomic mutation [5.31ms]
(pass) actual draft handlers and IndexedDB deletion boundary > awaits in-flight autosave then prepared cleanup and suppresses late autosave [21.45ms]
(pass) actual draft handlers and IndexedDB deletion boundary > clearDraft reports deletion failure rather than acknowledging cleanup [8.03ms]
(pass) composer-owned draft revisions > pre-capture B saved at the same key survives A submit [69.09ms]
(pass) composer-owned draft revisions > fully compensated upload rejection refreshes same-composer autosave timestamp on retry [145.28ms]
(pass) composer-owned draft revisions > fully compensated insert rejection refreshes same-composer autosave timestamp on retry [89.78ms]
(pass) composer-owned draft revisions > no own revision cannot delete an existing row; restored revision can [136.14ms]
(pass) composer-owned draft revisions > absent owned row never authorizes a subsequently saved row [60.49ms]
(pass) composer-owned draft revisions > B timestamp-only replacement before capture survives [68.82ms]
(pass) composer-owned draft revisions > compensated retry cannot acquire B revision from the current IDB row [77.02ms]
(pass) composer-owned draft revisions > unknown-insert never refreshes to a later same-composer autosave [99.86ms]
(pass) composer-owned draft revisions > unanswered-upload never refreshes to a later same-composer autosave [100.60ms]
(pass) composer-owned draft revisions > known commit cleanup retry retains original revision after later autosave [96.40ms]
(pass) composer-owned draft revisions > capture IO failure blocks writes and retry uses only the remembered revision [137.45ms]
(pass) composer-owned draft revisions > scope mismatch cannot grant cleanup authority [64.91ms]
(pass) composer-owned draft revisions > late autoSave completion cannot restore old scope authority [64.43ms]
(pass) composer-owned draft revisions > late loadDraft completion cannot restore old scope authority [69.20ms]
(pass) composer-owned draft revisions > expired owned revision cannot block submit or acquire a fresh B row [67.10ms]

tests-unit/review-save-operation.test.ts:
(pass) bounded review save operation (offline) > known success and unchanged retry write one row and photo set [0.66ms]
(pass) bounded review save operation (offline) > definite denial fully compensates and regenerates retired IDs and paths [1.03ms]
(pass) bounded review save operation (offline) > lost commit reply (returned) recovers without reupload or second insert [0.28ms]
(pass) bounded review save operation (offline) > lost commit reply (thrown) recovers without reupload or second insert [0.05ms]
(pass) bounded review save operation (offline) > failed readback blocks retry, replacement and cancellation without deleting committed photos [0.18ms]
(pass) bounded review save operation (offline) > thrown readback failure and subsequent empty read never prove rollback [0.23ms]
(pass) bounded review save operation (offline) > empty ambiguous read allows same-ID insert retry without reupload, but never cleanup/new ID [0.09ms]
(pass) bounded review save operation (offline) > a rejection on retry cannot erase an earlier unknown write [0.05ms]
(pass) bounded review save operation (offline) > changed draft (content) gets new ID after definite rejection cleanup [0.12ms]
(pass) bounded review save operation (offline) > changed draft (file) gets new ID after definite rejection cleanup [0.05ms]
(pass) bounded review save operation (offline) > changed draft after recovered commit never silently creates another review [0.21ms]
(pass) bounded review save operation (offline) > explicit partial rejection waits for late sibling upload before exact owned cleanup [0.43ms]
(pass) bounded review save operation (offline) > receipt upload denial does not start food uploads or insert [0.13ms]
(pass) bounded review save operation (offline) > cleanup failure blocks replacement and retains only the exact operation set [0.25ms]
(pass) bounded review save operation (offline) > remove success with failed storage readback retains cleanup obligation [0.25ms]
(pass) bounded review save operation (offline) > cancel during compression prevents storage and insert [0.18ms]
(pass) bounded review save operation (offline) > cancel during uploads waits for completion and cleans without insert [0.29ms]
(pass) bounded review save operation (offline) > cancel after insert dispatch preserves committed references [0.23ms]
(pass) bounded review save operation (offline) > owner transition prevents uploads, insert and cross-owner cleanup/retry [0.28ms]
(pass) bounded review save operation (offline) > mismatched row never authorizes success or cleanup [0.10ms]
(pass) bounded review save operation (offline) > no arbitrary photo cap is introduced [0.24ms]
(pass) bounded review save operation (offline) > invalid ownership is rejected before any storage mutation [0.17ms]

tests-unit/review-media-mutation.test.ts:
(pass) review commit and media failure boundaries > DB rejection before commit preserves old media and retires only unused uploads [1.34ms]
(pass) review commit and media failure boundaries > throw-after: committed upload survives; cleanup follows receipt [0.46ms]
(pass) review commit and media failure boundaries > error-after: committed upload survives; cleanup follows receipt [0.12ms]
(pass) review commit and media failure boundaries > unknown result later confirmed committed does not reupload or remutate [0.27ms]
(pass) review commit and media failure boundaries > error-before: missing receipt never authorizes compensation [0.11ms]
(pass) review commit and media failure boundaries > throw-before: missing receipt never authorizes compensation [0.04ms]
(pass) review commit and media failure boundaries > missing row is not a successful delete [0.05ms]
(pass) review commit and media failure boundaries > unauthorized owner cannot mutate or delete media [0.17ms]
(pass) review commit and media failure boundaries > partial Storage failure after commit survives page revisit for both purposes [0.15ms]
(pass) review commit and media failure boundaries > legacy verification cleanup attempts private and public buckets before readback [0.07ms]
(pass) review commit and media failure boundaries > delete transport failure after completion is resolved by metadata readback [0.07ms]
(pass) review commit and media failure boundaries > cleanup RPC failure after commit does not replay the mutation [0.12ms]
(pass) review commit and media failure boundaries > concurrent clicks share one operation [0.07ms]
(pass) review commit and media failure boundaries > upload uncertainty verifies the same key and never deletes a live upload [0.09ms]
(pass) review commit and media failure boundaries > incomplete upload retries frozen paths before any DB write [0.07ms]
(pass) review commit and media failure boundaries > confirmed missing upload can be abandoned only after uploaded siblings are durably queued [0.27ms]
(pass) review commit and media failure boundaries > uncertain upload stays frozen and cannot use the confirmed-missing cancellation path [0.05ms]
(pass) review commit and media failure boundaries > owner change during upload blocks mutation and cleanup [0.06ms]
(pass) review commit and media failure boundaries > cleanup validates owner, review and purpose on all returned paths [0.17ms]
(pass) review commit and media failure boundaries > stale baseline cannot replace a concurrent edit [0.03ms]
(pass) review commit and media failure boundaries > missing migration fails before uploading or mutating [0.04ms]
(pass) review commit and media failure boundaries > a different action cannot join an active edit and report its result as a deletion [0.07ms]
(pass) review commit and media failure boundaries > feedback never exposes provider diagnostics [0.06ms]

tests-unit/admin-record-actions.test.ts:
(pass) admin action boundary > actor, fingerprint, unknown changes and unconfirmed apply cannot be supplied by browser [3.34ms]
(pass) admin action boundary > actual form contracts allow edited approval, cross-video merge and bounded multi-create [2.93ms]
(pass) admin action boundary > shared or changed media and malformed claim never reach Storage remove [4.03ms]
(pass) admin action boundary > incoming business telephone remains domain data and forbidden metadata remains blocked [2.25ms]
(pass) admin action boundary > uncertain ACK performs one RPC only; explicit readback recovers committed result [0.74ms]
(pass) admin action boundary > privacy and bypass actor fail before transport; bounded business telephone is supported [1.00ms]
(pass) admin action boundary > provider prose and malformed result never become an applied result [0.69ms]
(pass) admin action boundary > storage is not touched before committed DB receipt [0.42ms]
(pass) admin action boundary > lost delete ACK reads absence; uncertain restart does not repeat removal [2.43ms]
(pass) admin action boundary > guarded review cleanup routes verification jobs to the private bucket [1.35ms]
(pass) admin action boundary > guarded verification cleanup removes and reads back private plus legacy public objects [1.55ms]
(pass) admin action boundary > private bucket jobs cannot target food objects [1.02ms]
(pass) real route denies authentication/origin before body or privileged transport [0.80ms]
(pass) real route rejects unknown fields, binds auth actor and returns only bounded receipts [1.17ms]
(pass) media admission requires complete physical proof and exact deployment bindings [0.24ms]
(pass) passing experimental provider evidence cannot attest an official deployed runtime [0.06ms]
(pass) missing or forged media admission fails before RPC and Storage; DB moderation remains available [1.08ms]
(pass) actual SDK transport reads exact metadata name and never interprets partial readback as absence [0.41ms]
(pass) actual media route rejects unadmitted deployment before creating a privileged client [0.59ms]
(pass) runtime record hold fails closed and rechecks every call without exposing its value [0.04ms]
(pass) held preview and apply never parse a body or create privilege; existing readback remains available [1.47ms]
(pass) held media cleanup stops before body, proof admission, privileged client or Storage work [0.43ms]

tests-unit/storage-server-client.test.ts:
(pass) server-only privileged Storage boundary > uses a distinct strict-local key and preserves hosted behavior [0.14ms]
(pass) server-only privileged Storage boundary > routes thumbnail Storage only through the dedicated client [0.16ms]
(pass) server-only privileged Storage boundary > keeps both Storage key names out of browser and Playwright environments [0.30ms]

tests-unit/auth-user-continuation.test.ts:
(pass) requested user login continuation > keeps MY and review destinations while ordinary in-page login stays put [0.11ms]
(pass) requested user login continuation > retains the administrator boundary and rejects unsafe destinations [0.01ms]
(pass) requested user login continuation > binds the resumed stamp composer to the selected public restaurant ID [0.08ms]
(pass) requested user login continuation > keeps a verified destination through exact privacy recovery URLs [0.15ms]
(pass) requested user login continuation > holds the desktop stamp route until its selected review continuation is consumed [0.29ms]
(pass) requested user login continuation > keeps the new-password UI aligned with the server 72-character bound [0.18ms]

tests-unit/review-edit-food-values.test.ts:
(pass) authoritative food values in review editing > preserves every original string exactly, including opaque and foreign values [0.04ms]
(pass) authoritative food values in review editing > drafts admit original values and new canonical owned keys, never injected URLs or opaque values [0.03ms]
(pass) authoritative food values in review editing > old filtered drafts cannot implicitly delete historical originals [0.29ms]
(pass) authoritative food values in review editing > explicit historical removal survives draft restoration without adding foreign inputs [0.04ms]
(pass) authoritative food values in review editing > actual preview and validation keep placeholder items in the count and enforce ten total values [4.49ms]
(pass) authoritative food values in review editing > actual placeholder renders a labelled removal control and no external image or link [3.08ms]
(pass) authoritative food values in review editing > actual removal removes an opaque item by index, never a Storage object, and honors pending freeze [2.00ms]
(pass) authoritative food values in review editing > actual autosave passes exact historical values and explicit removals to the existing draft boundary [2.22ms]
(pass) authoritative food values in review editing > actual async draft loading restores omitted originals and blocks pending-operation state changes [2.86ms]
(pass) authoritative food values in review editing > actual submit preserves foreign and opaque originals and omits only the selected removal [1.69ms]

tests-unit/review-photo-url-security.test.ts:
(pass) review photo URL trust boundary > verification images resolve to the authenticated admin route, never a public or signed URL [0.24ms]
(pass) review photo URL trust boundary > builds and resolves a canonical key bound to its owner and review [0.18ms]
(pass) review photo URL trust boundary > rejects another owner, review, or purpose [0.04ms]
(pass) review photo URL trust boundary > resolves same-origin public review-photo URLs back to the owned object [0.06ms]
(pass) review photo URL trust boundary > keeps authoritative historical values exact for the edit final-list contract [0.08ms]
(pass) review photo URL trust boundary > rejects absolute URLs, buckets, traversal, encoded separators, queries, and fragments [0.05ms]
(pass) review photo URL trust boundary > rejects controls, malformed key shapes, and unsupported image extensions [0.04ms]
(pass) review photo URL trust boundary > fails closed without owner binding and for invalid cache-buster values [0.02ms]
(pass) review photo URL trust boundary > resolves the historical composer layout for the owning user only [0.19ms]
(pass) review photo URL trust boundary > resolves the configured loopback origin instead of requiring https [0.09ms]
(pass) review photo URL trust boundary > normalizes browser filenames into the canonical filename grammar [0.14ms]
(pass) review photo URL trust boundary > rejects an arbitrary tracker origin even when the storage client generates that origin [0.02ms]
(pass) review photo URL trust boundary > deduplicates cleanup keys and verifies removal through storage readback [0.33ms]
(pass) review photo URL trust boundary > retains the exact canonical retry set when remove resolves an error or readback finds an object [0.13ms]

tests-unit/auth-admin-login-redirect.test.ts:
(pass) proxy emits a fresh nonce-bound enforcing CSP and forwards the nonce to rendering [3.20ms]
(pass) password recovery proof > is user-bound and can be consumed only once [0.07ms]
(pass) public eligibility proxy > public eligibility skip decisions keep session hints eligible for live checks [0.09ms]
(pass) public eligibility proxy > only the exact method/path matrix can bypass eligibility [0.16ms]
(pass) public eligibility proxy > credentialless public pages and APIs bypass session lookup [0.89ms]
(pass) public eligibility proxy > onboarding, callback, and health loop-safe paths remain available to held sessions [1.35ms]
(pass) admin auth redirect helpers > 관리자 next 경로와 쿼리를 안전하게 보존한다 [0.04ms]
(pass) admin auth redirect helpers > 홈 로그인 모달 요청 URL을 읽고 검증된 next만 넘긴다 [0.04ms]
(pass) admin auth redirect helpers > privacy onboarding uses one exact loop-safe home modal URL [0.04ms]
(pass) admin auth redirect helpers > 홈 쿼리 로그인 성공은 success-aware cleanup을 사용하고 관리자 redirect는 assign을 유지한다 [0.17ms]
(pass) admin middleware login redirect > 미로그인 관리자는 auth required 화면 대신 홈 로그인 모달 URL로 보낸다 [2.09ms]
(pass) admin middleware login redirect > 관리자 로그인 리디렉션은 초과 길이 또는 잘못된 next 컨텍스트를 루트로 제한한다 [0.56ms]
(pass) admin middleware login redirect > 활성 세션 확인이 실패하면 로그인 화면으로 닫힌다 [1.02ms]
(pass) admin middleware login redirect > 로그인했지만 관리자가 아니면 홈으로 보낸다 [0.69ms]
(pass) admin middleware login redirect > 관리자는 요청한 관리자 페이지를 그대로 통과한다 [0.37ms]
(pass) admin middleware login redirect > 마이페이지 인증 리디렉션은 캐시하지 않는다 [0.44ms]
(pass) admin middleware login redirect > Supabase 설정이 없으면 보호된 관리자 JSON 응답을 캐시하지 않는다 [0.88ms]
(pass) 관리자 보호 경로의 비탐색 요청은 리디렉션 대신 닫힌 JSON 응답을 받는다 [0.86ms]
(pass) 관리자 권한 및 상태 권한 오류는 API 요청을 fail closed 한다 [1.04ms]
(pass) live eligibility denials, malformed receipts, and RPC failures close protected sessions [1.26ms]
(pass) existing accounts are classification-only and missing privacy evidence stays onboarding-required [0.16ms]

tests-unit/privacy-onboarding-route-runtime.test.ts:
(pass) privacy onboarding full route runtime contracts > password start -> create -> recovery replay (email confirmation false) [86.45ms]
(pass) privacy onboarding full route runtime contracts > password start -> create -> recovery replay (email confirmation true) [62.35ms]
(pass) privacy onboarding full route runtime contracts > email-confirmed signup restores the server-validated destination through the callback [50.82ms]
(pass) privacy onboarding full route runtime contracts > an already open legacy signup form retains its default confirmation destination [56.89ms]
(pass) privacy onboarding full route runtime contracts > password signup rejects an external continuation before account creation [61.08ms]
(pass) privacy onboarding full route runtime contracts > existing password account confirms and accepts same-challenge replay without creating an account [52.83ms]
(pass) privacy onboarding full route runtime contracts > OAuth callback none [46.04ms]
(pass) privacy onboarding full route runtime contracts > OAuth callback confirmation [67.36ms]
(pass) privacy onboarding full route runtime contracts > OAuth callback eligibility [55.18ms]
(pass) privacy onboarding full route runtime contracts > OAuth callback nonce [53.67ms]
(pass) privacy onboarding full route runtime contracts > stale no-challenge OAuth recovery keeps only a validated user continuation [55.06ms]
(pass) privacy onboarding full route runtime contracts > OAuth rejects tamper before exchanging provider code [53.87ms]
(pass) privacy onboarding full route runtime contracts > OAuth rejects expiry before exchanging provider code [61.08ms]
(pass) privacy onboarding full route runtime contracts > OAuth rejects origin before exchanging provider code [46.56ms]
(pass) privacy onboarding full route runtime contracts > OAuth rejects nonce before exchanging provider code [52.94ms]
(pass) privacy onboarding full route runtime contracts > OAuth rejects secret before exchanging provider code [50.22ms]
(pass) privacy onboarding full route runtime contracts > password rejects tamper, expiry, wrong secret and cross-origin before signup [196.85ms]
(pass) privacy onboarding full route runtime contracts > password finalization denies confirmation [55.55ms]
(pass) privacy onboarding full route runtime contracts > password finalization denies eligibility [56.03ms]
(pass) privacy onboarding full route runtime contracts > under-14 start remains denied before challenge or identity creation [55.55ms]

tests-unit/privacy-onboarding.test.ts:
(pass) privacy onboarding challenge > fresh password and OAuth cookies roundtrip with the issuer signing context [0.51ms]
(pass) privacy onboarding challenge > random token digest follows the immutable SQL SHA-256 contract rather than cookie HMAC [0.13ms]
(pass) privacy onboarding challenge > 만료·변조·비정규 정책 해시 또는 nonce challenge를 거부한다 [0.27ms]
(pass) privacy onboarding challenge > OAuth nonce is the one-time confirmation token and the signed origin is mandatory [0.14ms]
(pass) privacy onboarding challenge > rejected onboarding responses expire all bounded Supabase auth chunks [0.25ms]
(pass) privacy onboarding challenge > 재사용과 정책 불일치는 서버의 원자적 확정 경로로 넘긴다 [0.12ms]
(pass) privacy onboarding challenge > OAuth callback uses only the signed HttpOnly challenge as the onboarding discriminator [0.06ms]
(pass) privacy onboarding challenge > no-challenge OAuth sessions without a live receipt enter only exact onboarding without revocation [0.21ms]
(pass) privacy onboarding challenge > browser auth contexts cannot bypass the privacy onboarding challenge [0.20ms]
(pass) privacy onboarding challenge > live eligibility receipt gates browser sessions without process-global policy state [0.18ms]
(pass) live privacy eligibility receipt > eligible current receipt is accepted only with the exact bounded schema [0.14ms]
(pass) live privacy eligibility receipt > missing profile, policy drift, adult block, and guardian expiry or withdrawal remain fail-closed [0.06ms]
(pass) live privacy eligibility receipt > malformed, contradictory, and error receipts cannot open a session [0.10ms]
(pass) minimum-data age and consent choices > 만 14세 미만 가입은 보호자 확인 경로가 배포·읽기검증될 때까지 차단한다 [0.36ms]
(pass) minimum-data age and consent choices > 선택 마케팅과 야간 채널 동의는 기본 거부이며 필수 정책 동의와 분리된다 [0.02ms]
(pass) minimum-data age and consent choices > 야간 마케팅은 같은 채널의 명시적 일반 마케팅 동의 없이는 만들지 않는다 [0.06ms]
(pass) minimum-data age and consent choices > 정책 내용 해시는 정확한 렌더링 입력을 고정한다 [0.09ms]
(pass) fresh onboarding confirmation receipt > requires an exact verified schema-v1 receipt and accepts a verified replay [0.15ms]
(pass) fresh onboarding confirmation receipt > G016 serializes same-user replay and exposes one canonical nonce-aware signature [0.12ms]
(pass) privacy-safe error handling > password, token, email, provider error object를 로그나 응답에 싣지 않는다 [0.12ms]
(pass) G014 server session release boundaries > self and service-target eligibility reads are exact RPC-only fail-closed boundaries [0.08ms]
(pass) G014 server session release boundaries > callback finalizes the nonce-bound challenge before live eligibility and rejects ambiguous OAuth without identity mutation [0.18ms]
(pass) G014 server session release boundaries > rejected OAuth callbacks redirect no-store after attempting both sign-outs even when they fail [0.85ms]
(pass) G014 server session release boundaries > rejected OAuth callbacks redirect no-store after both sign-outs resolve [0.12ms]
(pass) G014 server session release boundaries > password onboarding keeps explicit Auth absence checks for identity cleanup [0.07ms]
(pass) G014 server session release boundaries > protected middleware releases no stale session and public auth/privacy paths remain loop-safe [0.09ms]
(pass) G014 server session release boundaries > password finalization and replay recovery are same-origin, provenance-bound, held on ambiguity, and non-enumerating [0.23ms]
(pass) G014 server session release boundaries > existing-account recovery accepts only an authenticated server-derived password-proof subject [0.28ms]

tests-unit/zz-ocr-route-contract.test.ts:
(pass) OCR extract route privacy and normalization contract > stores only bounded count/status metadata and excludes raw receipt/provider/credential payloads [1.25ms]
(pass) OCR extract route privacy and normalization contract > disables raw OCR log caching and persists fixed failure codes only [0.70ms]
(pass) OCR extract route privacy and normalization contract > rejects unauthenticated and oversized OCR requests before reading image bytes [0.24ms]
(pass) OCR extract route privacy and normalization contract > rejects cross-site OCR mutations before authentication or paid work [0.34ms]
(pass) OCR extract route privacy and normalization contract > parses only bounded, unique OCR multipart fields [1.14ms]
(pass) OCR extract route privacy and normalization contract > rejects malformed and chunked oversized OCR multipart bodies [2.63ms]
(pass) OCR extract route privacy and normalization contract > keeps authenticated OCR reads and writes on the user-scoped client [0.46ms]
(pass) OCR extract route privacy and normalization contract > force refresh rejection copy does not expose dev/admin internals [0.31ms]
(pass) OCR extract route privacy and normalization contract > fails closed without exposing diagnostics when quota state is unavailable [0.17ms]
(pass) OCR extract route privacy and normalization contract > uses an authenticated atomic OCR quota reservation instead of count-then-act [0.28ms]
(pass) OCR extract route privacy and normalization contract > parses bounded OCR quota receipts and fails closed on malformed RPC data [0.43ms]
(pass) OCR extract route privacy and normalization contract > admin OCR rerun preflights workflow before destructive reset and rolls back dispatch failures [0.81ms]
(pass) OCR extract route privacy and normalization contract > inline OCR rejects foreign, originless, and cross-site browser mutations [0.08ms]
(pass) OCR extract route privacy and normalization contract > inline OCR blocks secret-bearing fixtures before persistence and never retains debug receipt artifacts [0.99ms]
(pass) OCR extract route privacy and normalization contract > admin receipt image retrieval remains private, bounded, contained, and non-destructive [10.01ms]

 233 pass
 0 fail
 1943 expect() calls
Ran 233 tests across 15 files. [4.34s]
