bun test v1.4.0 (34cbb9a40)

tests-unit/supabase-entrypoint-source.test.ts:
(pass) Supabase Local_Database access entrypoint source contract (Requirement 9.7) > only the frozen allowlist of files constructs a Supabase client [0.21ms]
(pass) Supabase Local_Database access entrypoint source contract (Requirement 9.7) > each canonical entrypoint constructs exactly its expected primitive from the expected SDK package [0.19ms]
(pass) Supabase Local_Database access entrypoint source contract (Requirement 9.7) > canonical entrypoints share one Supabase URL config so Local and Hosted use the same entrypoints [0.13ms]
(pass) Supabase Local_Database access entrypoint source contract (Requirement 9.7) > the privileged Storage client keeps only .storage and stays server-only [0.04ms]
(pass) Supabase Local_Database access entrypoint source contract (Requirement 9.7) > general server code routes Local_Database access through an entrypoint, not the SDK [0.04ms]
(pass) Supabase Local_Database access entrypoint source contract (Requirement 9.7) > no first-party source opens a direct Postgres connection that bypasses Supabase [29.29ms]

tests-unit/review-upload-uncertainty.test.ts:
(pass) independent late Storage upload uncertainty (offline) > known success and unchanged retry allocate, prepare and insert exactly once [1.98ms]
(pass) independent late Storage upload uncertainty (offline) > receipt late commit after returned failure and settled cancellation stays retained [0.62ms]
(pass) independent late Storage upload uncertainty (offline) > receipt late commit after returned failure and in-flight cancellation stays retained [0.08ms]
(pass) independent late Storage upload uncertainty (offline) > receipt late commit after thrown failure and settled cancellation stays retained [0.11ms]
(pass) independent late Storage upload uncertainty (offline) > receipt late commit after thrown failure and in-flight cancellation stays retained [0.06ms]
(pass) independent late Storage upload uncertainty (offline) > parallel food returned failure keeps late sibling and original server commit owned [0.25ms]
(pass) independent late Storage upload uncertainty (offline) > parallel food thrown failure keeps late sibling and original server commit owned [0.06ms]
(pass) independent late Storage upload uncertainty (offline) > explicit status=400 with no earlier uncertainty permits cleanup and replacement [0.18ms]
(pass) independent late Storage upload uncertainty (offline) > explicit statusCode=400 with no earlier uncertainty permits cleanup and replacement [0.05ms]
(pass) independent late Storage upload uncertainty (offline) > explicit status=401 with no earlier uncertainty permits cleanup and replacement [0.06ms]
(pass) independent late Storage upload uncertainty (offline) > explicit statusCode=401 with no earlier uncertainty permits cleanup and replacement [0.04ms]
(pass) independent late Storage upload uncertainty (offline) > explicit status=403 with no earlier uncertainty permits cleanup and replacement [0.06ms]
(pass) independent late Storage upload uncertainty (offline) > explicit statusCode=403 with no earlier uncertainty permits cleanup and replacement [0.05ms]
(pass) independent late Storage upload uncertainty (offline) > explicit status=413 with no earlier uncertainty permits cleanup and replacement [0.04ms]
(pass) independent late Storage upload uncertainty (offline) > explicit statusCode=413 with no earlier uncertainty permits cleanup and replacement [0.04ms]
(pass) independent late Storage upload uncertainty (offline) > explicit status=415 with no earlier uncertainty permits cleanup and replacement [0.07ms]
(pass) independent late Storage upload uncertainty (offline) > explicit statusCode=415 with no earlier uncertainty permits cleanup and replacement [0.08ms]
(pass) independent late Storage upload uncertainty (offline) > explicit status=422 with no earlier uncertainty permits cleanup and replacement [0.12ms]
(pass) independent late Storage upload uncertainty (offline) > explicit statusCode=422 with no earlier uncertainty permits cleanup and replacement [0.07ms]
(pass) independent late Storage upload uncertainty (offline) > non-definite upload error {"status":409} never authorizes cleanup [0.13ms]
(pass) independent late Storage upload uncertainty (offline) > non-definite upload error {"statusCode":"409"} never authorizes cleanup [0.02ms]
(pass) independent late Storage upload uncertainty (offline) > non-definite upload error {"status":500} never authorizes cleanup [0.03ms]
(pass) independent late Storage upload uncertainty (offline) > non-definite upload error {"statusCode":"503"} never authorizes cleanup [0.02ms]
(pass) independent late Storage upload uncertainty (offline) > non-definite upload error {"code":"transport"} never authorizes cleanup [0.02ms]
(pass) independent late Storage upload uncertainty (offline) > non-definite upload error {} never authorizes cleanup [0.04ms]
(pass) independent late Storage upload uncertainty (offline) > SQL-looking code without a Storage HTTP outcome cannot prove rollback [0.09ms]
(pass) independent late Storage upload uncertainty (offline) > upload rejection {"statusCode":"400"} on retry cannot erase an earlier unanswered receipt [0.16ms]
(pass) independent late Storage upload uncertainty (offline) > upload rejection {"statusCode":"401"} on retry cannot erase an earlier unanswered receipt [0.05ms]
(pass) independent late Storage upload uncertainty (offline) > upload rejection {"statusCode":"403"} on retry cannot erase an earlier unanswered receipt [0.04ms]
(pass) independent late Storage upload uncertainty (offline) > upload rejection {"statusCode":"413"} on retry cannot erase an earlier unanswered receipt [0.03ms]
(pass) independent late Storage upload uncertainty (offline) > upload rejection {"statusCode":"415"} on retry cannot erase an earlier unanswered receipt [0.02ms]
(pass) independent late Storage upload uncertainty (offline) > upload rejection {"statusCode":"422"} on retry cannot erase an earlier unanswered receipt [0.03ms]
(pass) independent late Storage upload uncertainty (offline) > upload rejection {"code":"42501"} on retry cannot erase an earlier unanswered receipt [0.02ms]
(pass) independent late Storage upload uncertainty (offline) > upload rejection {"status":503,"code":"42501"} on retry cannot erase an earlier unanswered receipt [0.02ms]
(pass) independent late Storage upload uncertainty (offline) > upload rejection {"statusCode":"409","code":"23514"} on retry cannot erase an earlier unanswered receipt [0.03ms]
(pass) independent late Storage upload uncertainty (offline) > affirmative metadata recovers late receipt on original ID without reupload [0.11ms]
(pass) independent late Storage upload uncertainty (offline) > affirmative metadata recovers late food on original ID without reupload [0.05ms]
(pass) independent late Storage upload uncertainty (offline) > success on same-path retry before original commit may finalize one matching review [0.12ms]
(pass) independent late Storage upload uncertainty (offline) > metadata plus definite insert rejection must retain earlier upload uncertainty [0.25ms]
(pass) independent late Storage upload uncertainty (offline) > retry-success plus definite insert rejection must retain earlier upload uncertainty [0.07ms]
(pass) independent late Storage upload uncertainty (offline) > ordinary insert rejection with complete compensation retries on fresh paths [0.15ms]
(pass) independent late Storage upload uncertainty (offline) > metadata missing cannot certify availability or release upload uncertainty [0.13ms]
(pass) independent late Storage upload uncertainty (offline) > metadata size-mismatch cannot certify availability or release upload uncertainty [0.03ms]
(pass) independent late Storage upload uncertainty (offline) > metadata mime-mismatch cannot certify availability or release upload uncertainty [0.02ms]
(pass) independent late Storage upload uncertainty (offline) > metadata size-missing cannot certify availability or release upload uncertainty [0.02ms]
(pass) independent late Storage upload uncertainty (offline) > metadata mime-missing cannot certify availability or release upload uncertainty [0.03ms]
(pass) independent late Storage upload uncertainty (offline) > metadata denied cannot certify availability or release upload uncertainty [0.07ms]
(pass) independent late Storage upload uncertainty (offline) > metadata throws cannot certify availability or release upload uncertainty [0.04ms]
(pass) independent late Storage upload uncertainty (offline) > optional metadata verifier may be absent without making transport failure definite [0.10ms]
(pass) independent late Storage upload uncertainty (offline) > owner transition during receipt to signed-out blocks retry, replacement and cleanup [0.11ms]
(pass) independent late Storage upload uncertainty (offline) > owner transition during food to signed-out blocks retry, replacement and cleanup [0.03ms]
(pass) independent late Storage upload uncertainty (offline) > owner transition during receipt to other-owner blocks retry, replacement and cleanup [0.02ms]
(pass) independent late Storage upload uncertainty (offline) > owner transition during food to other-owner blocks retry, replacement and cleanup [0.04ms]
(pass) independent late Storage upload uncertainty (offline) > owner transition while affirmative metadata is pending prevents the next upload or insert [0.09ms]
(pass) independent late Storage upload uncertainty (offline) > matching saved review resolves uncertainty without cleanup and release permits a new operation [0.15ms]
(pass) independent late Storage upload uncertainty (offline) > mismatched saved row id cannot release unanswered uploads [0.10ms]
(pass) independent late Storage upload uncertainty (offline) > mismatched saved row owner cannot release unanswered uploads [0.06ms]
(pass) independent late Storage upload uncertainty (offline) > mismatched saved row restaurant cannot release unanswered uploads [0.03ms]
(pass) independent late Storage upload uncertainty (offline) > mismatched saved row receipt cannot release unanswered uploads [0.02ms]
(pass) independent late Storage upload uncertainty (offline) > mismatched saved row food cannot release unanswered uploads [0.03ms]
(pass) independent late Storage upload uncertainty (offline) > mismatched saved row food-order cannot release unanswered uploads [0.03ms]
(pass) independent late Storage upload uncertainty (offline) > owner transition during matching review readback never releases the old owner operation [0.16ms]
(pass) independent late Storage upload uncertainty (offline) > repeated absent metadata and rejected retries do not expire or cap the retained operation [6.79ms]
(pass) independent late Storage upload uncertainty (offline) > forty-eight food uploads start in parallel after receipt and complete without application timers [1.09ms]

tests-unit/auth-user-continuation.test.ts:
(pass) requested user login continuation > keeps MY and review destinations while ordinary in-page login stays put [0.13ms]
(pass) requested user login continuation > retains the administrator boundary and rejects unsafe destinations [0.02ms]
(pass) requested user login continuation > binds the resumed stamp composer to the selected public restaurant ID [0.20ms]
(pass) requested user login continuation > keeps a verified destination through exact privacy recovery URLs [0.11ms]
(pass) requested user login continuation > holds the desktop stamp route until its selected review continuation is consumed [0.26ms]
(pass) requested user login continuation > keeps the new-password UI aligned with the server 72-character bound [0.17ms]

tests-unit/web-quality-performance-source.test.ts:
(pass) Tailwind v4 source contracts > parses exact source directives and compiles all production entries with retained utilities [606.72ms]
(pass) route CSS boundary verifier fixtures > inventories shared and exclusive home, general, admin, and deferred assets [11.41ms]
(pass) route CSS boundary verifier fixtures > rejects malformed, decoy, negated-media, and budget-bypass CSS [22.84ms]
(pass) route CSS ceiling boundaries > enforces exact and one-over raw and transfer ceilings for every route [1632.16ms]
(pass) web quality performance source contracts > map marker HTML keeps image markers with WebP delivery and PNG fallback [0.15ms]
(pass) web quality performance source contracts > global map exposes bounded Google failure exploration fallback [0.26ms]
(pass) web quality performance source contracts > map marker WebP assets are present and at least 75% smaller than PNG fallbacks [1.23ms]
(pass) web quality performance source contracts > popup ad banners load immediately for first-screen exposure while distant media has no src [0.25ms]
(pass) web quality performance source contracts > home filter count queries run before dropdown open so triggers do not show stale zero counts [0.12ms]
(pass) web quality performance source contracts > home map runtime renders directly while supporting queries stay intent-gated [15.08ms]
(pass) web quality performance source contracts > mobile toast dark tokens and G007 announcement width stay explicit [0.21ms]
(pass) web quality performance source contracts > naver marker click centering avoids slow duplicate recenter loops [0.29ms]
(pass) web quality performance source contracts > device location floating action does not show expanding circle animations [0.80ms]
(pass) web quality performance source contracts > profile/stamp/map regressions stay fixed while preserving deferred map loading [1.48ms]
(pass) web quality performance source contracts > review like heart keeps the previous feed-style mobile and desktop overlay layout [0.63ms]
(pass) web quality performance source contracts > auth-gated review actions open UI prompts without uncaught LOGIN_REQUIRED throws [0.33ms]
(pass) web quality performance source contracts > overlay and review icon buttons expose stable accessible names [0.99ms]
(pass) web quality performance source contracts > desktop direct feature routes hand off to the home left panel and suppress popup blockers [2.80ms]
(pass) web quality performance source contracts > direct utility routes render clear fallback states instead of blank or invalid panel configs [0.56ms]
(pass) web quality performance source contracts > admin utility APIs stay behind admin auth and short URLs cannot become open redirects [0.70ms]
(pass) web quality performance source contracts > feed direct route defers heavy modals and detail panels until interaction [1.12ms]
(pass) web quality performance source contracts > /mypage avoids client-side redirect work and defers desktop-only sidebar cost [3.35ms]
(pass) web quality performance source contracts > page-level loaders keep route fallbacks single-owner while map fallbacks stay embedded [13.34ms]
(pass) web quality performance source contracts > route loading boundaries keep skeleton ownership single-pass [5.06ms]
(pass) web quality performance source contracts > intent-loaded mobile modal shells do not render desktop dialog on the first client paint [1.12ms]
(pass) web quality performance source contracts > auth user state lookups have Supabase index migration coverage [0.47ms]
(pass) web quality performance source contracts > user-facing Supabase reads avoid wide fanout and redundant stamp fetches [1.93ms]
(pass) web quality performance source contracts > admin review queue avoids fetching approved review history [0.20ms]
(pass) web quality performance source contracts > Supabase reads use explicit response shapes instead of broad selects [37.45ms]
(pass) web quality performance source contracts > global chrome assets stay small and cacheable without changing page UI [509.03ms]
(pass) web quality performance source contracts > restaurant search controls keep accessible names and keyboard-safe rows [0.42ms]
(pass) web quality performance source contracts > mobile leaderboard rows keep stats visible inside narrow viewports [0.11ms]
(pass) web quality performance source contracts > direct mobile routes use a self-hosted Korean font before fallback stacks [0.13ms]

 109 pass
 0 fail
 3551 expect() calls
Ran 109 tests across 4 files. [3.49s]
